dwmmc@ff0c0000: 1, dwmmc@ff0f0000: 0
Bootdev(atags): mmc 0
MMC0: High Speed, 52Mhz
PartType: EFI
custom vcfg exists /ak_vendor/.config_properties** /ak_vendor/.config_properties shorter than offset + len **
MML v_ini_handler name=key_app_hide value=DTV,JOYSTUDY,VOUT,DVD section=
MML v_ini_handler name=rudder value=0 section=
custom pcfg exists /ak_param/.co
** /ak_param/.config_properties 
shorter than offset + len **Android 10.0, Build 2020.5
boot mode: recovery (misc)
Found DTB in recovery part
DTB: rk-kernel.dtb
HASH(c): OK
ANDROID: fdt overlay OK
## Fixup for MIPI screen 
I2c0 speed: 100000Hz
PMIC:  RK808 
vdd_cpu 1100000 u
vdd_log 1100000 uV
io-domain: OK
Can't get crtc id, default set to id = 0
Model: Rockchip rk3368 808 evb board
enter Recovery mode!
boot mode: recovery(env)
Rockchip UBOOT DRM driver version: v1.0.1
Using display timing dts
Detailed mode clock 65000 kHz, flags[8000000a]
    H: 0720 0760 0780 0820
    V: 1280 1298 1301 1315
bus_format: 100e
final DSI-Link bandwidth: 432 Mbps x 4

CLK: (sync kernel. arml: enter 8
CLK: (sync kernel. armb: enter 24000 KHz, init 24000 KHz, kernel 0N/A)
  apllb 24000 KHz
  aplll 800000 KHz
  dpll 1200000 KHz
  cpll 400000 KHz  gpll 576000 KHz
  npll 455000 KHz
  armclkb 24000 KHz
  armclkl 800000 KHz
  aclk_bus 288000 KHz
  hclk_bus 144000 KHz
  pclk_Bus 72000 KHz
  aclk_peri 288000 KHz
  hclk_peri 144000 KHz
  pclk_peri 72000 KHz
mcu_uart_init: get mcu uart dev serial@ff1b0000 ok
mcu_uart_init: set mcu baudrate 115200 ok
Net:   No ethernet found.
Hit key to stop autoboot('CTRL+C'):  0 
ANDROID: reboot reason: "recovery"
Vboot=0, AVB images, AVB verify
read_is_device_unlocked() ops returned that device is UNLOCKED
avb_slot_verify.c:757: ERROR: vbmeta: Error verifying vbmeta image: OK_NOT_SIGNED
get image from preloaded partition...

Could not find "system" partitio
Booting IMAGE kernel at 0x00280000 with fdt at 0x08300000...

Fdt Ramdisk skip relocation
## Booting Android Image at 0x0027f800 ...
Kernel load addr 0x00280000 size 24807 KiB
RAM disk load addr 0x0a200000 size 23496 KiB
## Flattened Device Tree blob at 08300000
   Booting using the fdt blob at 0x8300000
   XIP Kernel Image from 0x00280000 to 0x00280000 ... OK
  'reserved-memory' ramoops@110000: addr=110000 size=f0000
## Fixup for MIPI screen 
## Fixup BT type
   Using Device Tree in place at 0000000008300000, end 0000000008318514
boot mode: recovery(env)
Adding bank: 0x00200000 - 0x08400000 (size: 0x08200000)
Adding bank: 0x0a200000 - 0x80000000 (size: 0x75e00000)
Total: 2369.206 ms

Starting kernel ...

[    0.000000] Booting Linux on physical CPU 0x0000000000 [0x410fd033]
[    0.000000] Linux version 4.19.111 (allen@dell) (gcc version 6.3.1 20170404 (Linaro GCC 6.3-2017.05)) #190 SMP PREEMPT Tue Jun 25 09:18:42 CST 2024
[    0.000000] Machine model: Rockchip rk3368 808 evb board
[    0.000000] earlycon: uart8250 at MMIO32 0x00000000ff1c0000 (options '')
[    0.000000] bootconsole [uart8250] enabled
[    0.000000] Reserved memory: created CMA memory pool at 0x0000000079c00000, size 64 MiB
[    0.000000] OF: reserved mem: initialized node linux,cma, compatible id shared-dma-pool
[    0.000000] psci: probing for conduit method from DT.
[    0.000000] psci: PSCIv1.0 detected in firmware.
[    0.000000] psci: Using standard PSCI v0.2 function IDs
[    0.000000] psci: Trusted OS migration not required
[    0.000000] psci: SMC Calling Convention v1.0
[    0.000000] percpu: Embedded 23 pages/cpu s57304 r8192 d28712 u94208
[    0.000000] Detected VIPT I-cache on CPU0
[    0.000000] CPU features: enabling workaround for ARM erratum 843419
[    0.000000] CPU features: enabling workaround for ARM erratum 845719
[    0.000000] CPU features: kernel page table isolation forced OFF by kpti command line option
[    0.000000] Built 1 zonelists, mobility grouping on.  Total pages: 507912
[    0.000000] Kernel command line: storagemedia=emmc androidboot.storagemedia=emmc androidboot.mode=normal  androidboot.dtbo_idx=0  androidboot.verifiedbootstate=orange androidboot.slot_suffix= androidboot.serialno=84ca2ae2e7e42a93 console=ttyFIQ0 androidboot.baseband=N/A androidboot.selinux=permissive androidboot.wificountrycode=US androidboot.veritymode=enforcing androidboot.hardware=rk30board androidboot.console=ttyFIQ0 firmware_class.path=/vendor/etc/firmware init=/init root=PARTUUID=af01642c-9b84-11e8-9b2a-234eb5e198a0 earlycon=uart8250,mmio32,0xff1c0000 swiotlb=1 kpti=0 bt_type=4 androidboot.boot_devices=ff0f0000.dwmmc,ff400000.nandc
[    0.000000] Dentry cache hash table entries: 262144 (order: 9, 2097152 bytes)
[    0.000000] Inode-cache hash table entries: 131072 (order: 8, 1048576 bytes)
[    0.000000] mem auto-init: stack:off, heap alloc:off, heap free:off
[    0.000000] Memory: 1910624K/2064384K available (13950K kernel code, 1830K rwdata, 5224K rodata, 3776K init, 2270K bss, 88224K reserved, 65536K cma-reserved)
[    0.000000] SLUB: HWalign=64, Order=0-3, MinObjects=0, CPUs=8, Nodes=1
[    0.000000] rcu: Preemptible hierarchical RCU implementation.
[    0.000000] 	Tasks RCU enabled.
[    0.000000] NR_IRQS: 64, nr_irqs: 64, preallocated irqs: 0
[    0.000000] random: random: get_random_bytes called from start_kernel+0x36c/0x4ec with crng_init=0
[    0.000000] alloc mailbox channel failed

[    0.000000] arch_timer: cp15 timer(s) running at 24.00MHz (virt).
[    0.000000] clocksource: arch_sys_counter: mask: 0xffffffffffffff max_cycles: 0x588fe9dc0, max_idle_ns: 440795202592 ns
[    0.000006] sched_clock: 56 bits at 24MHz, resolution 41ns, wraps every 4398046511097ns
[    0.008968] Failed to get pclk for 'rk_timer'
[    0.013740] Failed to initialize '/timer@ff810000': -22
[    0.020137] Calibrating delay loop (skipped), value calculated using timer frequency.. 48.00 BogoMIPS (lpj=24000)
[    0.031299] pid_max: default: 32768 minimum: 301
[    0.036460] Security Framework initialized
[    0.040908] SELinux:  Initializing.
[    0.044873] Mount-cache hash table entries: 4096 (order: 3, 32768 bytes)
[    0.052188] Mountpoint-cache hash table entries: 4096 (order: 3, 32768 bytes)[    0.062209] ASID allocator initialised with 32768 entries
[    0.068196] rcu: Hierarchical SRCU implementation.
[    0.075533] smp: Bringing up secondary CPUs ...
[    0.081247] Detected VIPT I-cache on CPU1
[    0.081313] CPU1: Booted secondary processor 0x0000000001 [0x410fd033]
[    0.082218] Detected VIPT I-cache on CPU2
[    0.082276] CPU2: Booted secondary processor 0x0000000002 [0x410fd033]
[    0.083110] Detected VIPT I-cache on CPU3
[    0.083166] CPU3: Booted secondary processor 0x0000000003 [0x410fd033]
[    0.084073] Detected VIPT I-cache on CPU4
[    0.084144] CPU4: Booted secondary processor 0x0000000100 [0x410fd033]
[    0.085026] Detected VIPT I-cache on CPU5
[    0.085071] CPU5: Booted secondary processor 0x0000000101 [0x410fd033]
[    0.085937] Detected VIPT I-cache on CPU6
[    0.085980] CPU6: Booted secondary processor 0x0000000102 [0x410fd033]
[    0.086789] Detected VIPT I-cache on CPU7
[    0.086832] CPU7: Booted secondary processor 0x0000000103 [0x410fd033]
[    0.086980] smp: Brought up 1 node, 8 CPUs
[    0.171194] SMP: Total of 8 processors activated.
[    0.176332] CPU features: detected: 32-bit EL0 Support
[    0.188648] CPU features: emulated: Privileged Access Never (PAN) using TTBR0_EL1 switching
[    0.197651] CPU: All CPU(s) started at EL1
[    0.202165] alternatives: patching kernel code
[    0.208872] devtmpfs: initialized
[    0.232000] Trying to unpack rootfs image as initramfs...
[    0.237771] Registered cp15_barrier emulation handler
[    0.237787] Registered setend emulation handler
[    0.238611] clocksource: jiffies: mask: 0xffffffff max_cycles: 0xffffffff, max_idle_ns: 1911260446275000 ns
[    0.258852] futex hash table entries: 2048 (order: 5, 131072 bytes)
[    0.268385] pinctrl core: initialized pinctrl subsystem
[    0.275220] NET: Registered protocol family 16
[    0.281375] schedtune: configured to support 6 boost groups
[    0.287614] audit: initializing netlink subsys (disabled)
[    0.293746] audit: type=2000 audit(0.127:1): state=initialized audit_enabled=0 res=1
[    0.302063] cpuidle: using governor menu
[    0.306316] Registered FIQ tty driver
[    0.311414] hw-breakpoint: found 6 breakpoint and 4 watchpoint registers.
[    0.321100] DMA: preallocated 256 KiB pool for atomic allocations
[    0.330321] console [pstore-1] enabled
[    0.334762] pstore: Registered ramoops as persistent store backend
[    0.341506] ramoops: attached 0xf0000@0x110000, ecc: 0/0
[    0.387537] cryptd: max_cpu_qlen set to 1000
[    0.393499] fiq debugger fiq mode enabled
[[    0.398329] console [ttyFIQ0] enabled
    0.398329] console [ttyFIQ0] enabled
[    0.405945] bootconsole [uart8250] disabled
[    0.405945] bootconsole [uart8250] disabled
[    0.410697] Registered fiq debugger ttyFIQ0
[    0.411614] rockchip-pm rockchip-suspend: not set pwm-regulator-config
ERROR:   suspend_mode_handler: unhandled sip (0x4)
[    0.434532] SCSI subsystem initialized
[    0.434827] usbcore: registered new interface driver usbfs
[    0.434897] usbcore: registered new interface driver hub
[    0.435078] usbcore: registered new device driver usb

[    0.435444] media: Linux media interface: v0.10
[    0.435506] videodev: Linux video capture interface: v2.00
[    0.435614] pps_core: LinuxPPS API ver. 1 registered
[    0.435631] pps_core: Software ver. 5.3.6 - Copyright 2005-2007 Rodolfo Giometti <giometti@linux.it>
[    0.435668] PTP clock support registered
[    0.436543] rockchip ion: success to create - cma-heap
[    0.436580] rockchip ion: success to create - system-heap
[    0.437091] rk3368-mailbox ff6b0000.mailbox: rk3368-mailbox initialized, version: V1.00
[    0.438514] mbox-scpi mailbox-scpi: Scpi initialize, version: 0x1000002, chan nums: 3
[    0.438546] mbox-scpi mailbox-scpi: MCU version: V2.15 20190401
[    0.440482] Advanced Linux Sound Architecture Driver Initialized.
[    0.441147] Bluetooth: Core ver 2.22
[    0.441222] NET: Registered protocol family 31
[    0.441239] Bluetooth: HCI device and connection manager initialized
[    0.441267] Bluetooth: HCI socket layer initialized
[    0.441286] Bluetooth: L2CAP socket layer initialized
[    0.441341] Bluetooth: SCO socket layer initialized
[    0.442449] vehicle vehicle_main: get fast_rev_ch failed!
[    0.442597] vehicle vehicle_main: vehicle driver probe success
[    0.443012] Vehicle rk_vehicle_system_main(568):rk_vehicle_system_main: vehicle_ad_init start
[    0.443353] rockchip-cpuinfo cpuinfo: Serial		: 84ca2ae2e7e42a93
[    0.444817] clocksource: Switched to clocksource arch_sys_counter
[    0.555351] VFS: Disk quotas dquot_6.6.0
[    0.555497] VFS: Dquot-cache hash table entries: 512 (order 0, 4096 bytes)
[    0.556660] rga2: Driver loaded successfully ver:4.00
[    0.556837] rga2: Module initialized.
[    0.557117] iommu: Adding device ff900000.iep to group 0
[    0.557168] iep ff900000.iep: Linked as a consumer to ff900800.iommu
[    0.557396] iep: failed to find iep power down clock source.
[    0.557852] iep: IEP Power ON
[    0.557912] iep: IEP Power OFF
[    0.557991] iep: IEP Driver loaded succesfully
[    0.558201] iep: Module initialized.
[    0.559400] i2c_init
[    0.561249] i2c i2c-3: 1 i2c clients have been registered at 0x10


[    0.563191] NET: Registered protocol family 2
[    0.564035] tcp_listen_portaddr_hash hash table entries: 1024 (order: 2, 16384 bytes)
[    0.564108] TCP established hash table entries: 16384 (order: 5, 131072 bytes)
[    0.564326] TCP bind hash table entries: 16384 (order: 6, 262144 bytes)
[    0.564706] TCP: Hash tables configured (established 16384 bind 16384)
[    0.564990] UDP hash table entries: 1024 (order: 3, 32768 bytes)
[    0.565086] UDP-Lite hash table entries: 1024 (order: 3, 32768 bytes)
[    0.565399] NET: Registered protocol family 1
[    0.569209] hw perfevents: enabled with armv8_pmuv3 PMU driver, 7 counters available
[    0.571968] Initialise system trusted keyrings
[    0.572289] workingset: timestamp_bits=45 max_order=19 bucket_order=0
[    0.580094] exFAT: Version 1.2.9
[    0.580362] Registering sdcardfs 0.1
[    0.581673] fuse init (API version 7.27)
[    0.583561] 
[    0.583561] TEE Core Framework initialization (ver 1:0.1)
[    0.583618] TEE armv7 Driver initialization
[    0.584193] tz_tee_probe: name="armv7sec", id=0, pdev_name="armv7sec.0"
[    0.584226] TEE core: Alloc the misc device "opteearmtz00" (id=0)
[    0.584481] TEE Core: Register the misc device "opteearmtz00" (id=0,minor=59)
[    0.586641] Key type asymmetric registered
[    0.586663] Asymmetric key parser 'x509' registered
[    0.586725] Block layer SCSI generic (bsg) driver version 0.4 loaded (major 244)
[    0.586744] io scheduler noop registered
[    0.586967] io scheduler cfq registered (default)
[    0.586987] io scheduler mq-deadline registered
[    0.587009] io scheduler kyber registered
[    0.587157] io scheduler bfq registered
[    0.589359] phy phy-ff770000.syscon:usb2-phy@700.0: Failed to get VBUS supply regulator
[    0.589599] phy phy-ff770000.syscon:usb2-phy@700.1: Linked as a consumer to regulator.2
[    0.594481] pwm-backlight backlight: backlight supply power not found, using dummy regulator
[    0.594604] pwm-backlight backlight: Linked as a consumer to regulator.0
[    0.595064] mpp_service mpp-srv: probe start
[    0.595384] mpp_service mpp-srv: probe success
[    0.595970] iommu: Adding device ff9a0000.hevc_service to group 3
[    0.596014] mpp_rkvdec ff9a0000.hevc_service: Linked as a consumer to ff9a0440.iommu
[    0.596314] mpp_rkvdec ff9a0000.hevc_service: probing start
[    0.596952] rkvdec_init:1140: failed on clk_get clk_hevc_cabac
[    0.597007] rkvdec_init:1156: No niu aclk reset resource define
[    0.597027] rkvdec_init:1161: No niu hclk reset resource define
[    0.597051] rkvdec_init:1166: No cabac reset resource define
[    0.597084] rkvdec_init:1176: No hevc cabac reset resource define
[    0.597448] mpp_rkvdec ff9a0000.hevc_service: probing finish
[    0.598236] iommu: Adding device ff9a0400.vdpu to group 4
[    0.598284] mpp_vdpu1 ff9a0400.vdpu: Linked as a consumer to ff9a0800.iommu
[    0.598516] mpp_vdpu1 ff9a0400.vdpu: probe device
[    0.599360] mpp_vdpu1 ff9a0400.vdpu: probing finish
[    0.599990] iommu: Adding device ff9a0000.vepu to group 4
[    0.600042] mpp_vepu1 ff9a0000.vepu: Linked as a consumer to ff9a0800.iommu
[    0.600116] mpp_vepu1 ff9a0000.vepu: probe device
[    0.600974] mpp_vepu1 ff9a0000.vepu: probing finish
[    0.604078] pvtm_div out of bounary! set max instead
[    0.607745] dma-pl330 ff250000.dma-controller: Loaded driver for PL330 DMAC-241330
[    0.607784] dma-pl330 ff250000.dma-controller: 	DBUFF-128x8bytes Num_Chans-8 Num_Peri-20 Num_Events-16
[    0.609473] dma-pl330 ff600000.dma-controller: Loaded driver for PL330 DMAC-241330
[    0.609503] dma-pl330 ff600000.dma-controller: 	DBUFF-32x8bytes Num_Chans-6 Num_Peri-12 Num_Events-12
[    0.610598] rockchip-system-monitor rockchip-system-monitor: system monitor probe
[    0.611547] Serial: 8250/16550 driver, 6 ports, IRQ sharing disabled
[    0.612353] ff180000.serial: ttyS0 at MMIO 0xff180000 (irq = 25, base_baud = 1500000) is a 16550A
[    0.613028] ff190000.serial: ttyS1 at MMIO 0xff190000 (irq = 26, base_baud = 1500000) is a 16550A
[    0.613677] ff1b0000.serial: ttyS3 at MMIO 0xff1b0000 (irq = 27, base_baud = 1500000) is a 16550A
[    0.616073] random: fast init done

[    0.616406] random: crng init done
[    0.616533] iommu: Adding device ff930000.vop to group 2
[    0.616583] rockchip-vop ff930000.vop: Linked as a consumer to ff930300.iommu
[    0.621321] rockchip-drm display-subsystem: Linked as a consumer to ff930000.vop
[    0.622832] rockchip-drm display-subsystem: Linked as a consumer to ff960000.dsi


[    0.623873] rockchip-drm display-subsystem: defer getting devfreq
[    0.624378] rockchip-drm display-subsystem: bound ff930000.vop (ops vop_component_ops)
[    0.624423] rockchip-drm display-subsystem: failed to bind ff960000.dsi (ops dw_mipi_dsi_ops): -517
[    0.624684] rockchip-drm display-subsystem: master bind failed: -517
[    0.628954] panel-simple-dsi ff960000.dsi.0: ff960000.dsi.0 supply power not found, using dummy regulator


[    0.629078] panel-simple-dsi ff960000.dsi.0: Linked as a consumer to regulator.0
[    0.629113] panel-simple-dsi ff960000.dsi.0: ff960000.dsi.0 supply vsp not found, using dummy regulator
[    0.629192] panel-simple-dsi ff960000.dsi.0: ff960000.dsi.0 supply vsn not found, using dummy regulator
[    0.642531] brd: module loaded
[    0.667585] loop: module loaded
[    0.668275] zram: Added device: zram0
[    0.668487] ak_canbox_init(OK)
[    0.668861] ## tp9950m reset by power_on
[    0.668895] input: fake-key as /devices/virtual/ak/tkey/input0
[    0.669968] ak-source ak-source: success to request EMMC RESET GPIO: 0
[    0.672957] rk808 0-001b: chip id: 0x0
[    0.684194] rk808-regulator rk808-regulator: there is no dvs0 gpio
[    0.684291] rk808-regulator rk808-regulator: there is no dvs1 gpio
[    0.684378] DCDC_REG1: supplied by vcc_sys
[    0.688031] DCDC_REG2: supplied by vcc_sys
[    0.690228] DCDC_REG3: supplied by vcc_sys
[    0.690614] DCDC_REG4: supplied by vcc_sys
[    0.692401] LDO_REG1: supplied by vcc_sys
[    0.695330] LDO_REG2: supplied by vcc_sys
[    0.698031] LDO_REG3: supplied by vcc_sys
[    0.700387] LDO_REG4: supplied by vcc_sys
[    0.703136] LDO_REG5: supplied by vcc_sys
[    0.705501] LDO_REG6: supplied by vcc_sys
[    0.706297] ## tp9950_reg_init ch=1, std=[720P25] by init
[    0.708227] LDO_REG7: supplied by vcc_sys
[    0.708233] tp9950 read 0xfe 0xff --> 0x28 0x50
[    0.708391] no cif reset resource define
[    0.708409] no cif reset resource define
[    0.708956] Vehicle rk_vehicle_system_main(603):yuyz rk_vehicle_system_main init success, start loop
[    0.711075] LDO_REG8: supplied by vcc_sys
[    0.713430] SWITCH_REG1: supplied by vcc_io
[    0.714231] SWITCH_REG2: supplied by vcc_io
[    0.715771] RK808_THERMAL_REG = 0xc
[    0.716351] SCSI Media Changer driver v0.25 
[    0.718446] libphy: Fixed MDIO Bus: probed
[    0.718506] tun: Universal TUN/TAP device driver, 1.6
[    0.719579] PPP generic driver version 2.4.2
[    0.719817] PPP BSD Compression module registered
[    0.719836] PPP Deflate Compression module registered
[    0.719875] PPP MPPE Compression module registered
[    0.719893] NET: Registered protocol family 24
[    0.719933] PPTP driver version 0.8.5
[    0.720281] SLIP: version 0.8.4-NET3.019-NEWTTY (dynamic channels, max=256) (6 bit encapsulation enabled).
[    0.720297] CSLIP: code copyright 1989 Regents of the University of California.
[    0.720393] usbcore: registered new interface driver catc
[    0.720453] usbcore: registered new interface driver kaweth
[    0.720470] pegasus: v0.9.3 (2013/04/25), Pegasus/Pegasus II USB Ethernet driver
[    0.720526] usbcore: registered new interface driver pegasus
[    0.720582] usbcore: registered new interface driver rtl8150
[    0.720650] usbcore: registered new interface driver r8152
[    0.720664] hso: drivers/net/usb/hso.c: Option Wireless
[    0.720748] usbcore: registered new interface driver hso
[    0.720838] usbcore: registered new interface driver asix
[    0.720898] usbcore: registered new interface driver ax88179_178a
[    0.720960] usbcore: registered new interface driver cdc_ether
[    0.721016] usbcore: registered new interface driver cdc_eem
[    0.721072] usbcore: registered new interface driver dm9601
[    0.721138] usbcore: registered new interface driver smsc75xx
[    0.721208] usbcore: registered new interface driver smsc95xx
[    0.721265] usbcore: registered new interface driver gl620a
[    0.721320] usbcore: registered new interface driver net1080
[    0.721376] usbcore: registered new interface driver plusb
[    0.721433] usbcore: registered new interface driver rndis_host
[    0.721493] usbcore: registered new interface driver cdc_subset
[    0.721549] usbcore: registered new interface driver zaurus
[    0.721607] usbcore: registered new interface driver MOSCHIP usb-ethernet driver
[    0.721676] usbcore: registered new interface driver int51x1
[    0.721734] usbcore: registered new interface driver kalmia
[    0.721818] usbcore: registered new interface driver ipheth
[    0.721879] usbcore: registered new interface driver sierra_net
[    0.721938] usbcore: registered new interface driver cx82310_eth
[    0.722006] usbcore: registered new interface driver cdc_ncm
[    0.722064] usbcore: registered new interface driver qmi_wwan
[    0.722125] usbcore: registered new interface driver cdc_mbim
[    0.723537] dwc2 ff580000.usb: ff580000.usb supply vusb_d not found, using dummy regulator
[    0.723660] dwc2 ff580000.usb: Linked as a consumer to regulator.0
[    0.723697] dwc2 ff580000.usb: ff580000.usb supply vusb_a not found, using dummy regulator
[    0.848870] dwc2 ff580000.usb: dwc2_check_params: Invalid parameter lpm_clock_gating=1
[    0.848897] dwc2 ff580000.usb: dwc2_check_params: Invalid parameter besl=1
[    0.848919] dwc2 ff580000.usb: dwc2_check_params: Invalid parameter hird_threshold_en=1


[    0.848967] dwc2 ff580000.usb: EPs: 10, dedicated fifos, 972 entries in SPRAM
[    0.850040] dwc2 ff580000.usb: DWC OTG Controller
[    0.850131] dwc2 ff580000.usb: new USB bus registered, assigned bus number 1
[    0.850193] dwc2 ff580000.usb: irq 31, io mem 0xff580000
[    0.850452] usb usb1: New USB device found, idVendor=1d6b, idProduct=0002, bcdDevice= 4.19
[    0.850477] usb usb1: New USB device strings: Mfr=3, Product=2, SerialNumber=1
[    0.850497] usb usb1: Product: DWC OTG Controller
[    0.850520] usb usb1: Manufacturer: Linux 4.19.111 dwc2_hsotg
[    0.850543] usb usb1: SerialNumber: ff580000.usb
[    0.851342] hub 1-0:1.0: USB hub found


[    0.851409] hub 1-0:1.0: 1 port detected
[    0.853309] ehci_hcd: USB 2.0 'Enhanced' Host Controller (EHCI) Driver
[    0.853339] ehci-pci: EHCI PCI platform driver
[    0.853436] ehci-platform: EHCI generic platform driver
[    0.857206] ehci-platform ff500000.usb: EHCI Host Controller
[    0.857540] ehci-platform ff500000.usb: new USB bus registered, assigned bus number 2
[    0.858108] ehci-platform ff500000.usb: irq 29, io mem 0xff500000
[    0.864892] ehci-platform ff500000.usb: USB 2.0 started, EHCI 1.00
[    0.865198] usb usb2: New USB device found, idVendor=1d6b, idProduct=0002, bcdDevice= 4.19
[    0.865224] usb usb2: New USB device strings: Mfr=3, Product=2, SerialNumber=1
[    0.865244] usb usb2: Product: EHCI Host Controller
[    0.865268] usb usb2: Manufacturer: Linux 4.19.111 ehci_hcd
[    0.865290] usb usb2: SerialNumber: ff500000.usb
[    0.866014] hub 2-0:1.0: USB hub found
[    0.866087] hub 2-0:1.0: 1 port detected
[    0.866970] ohci_hcd: USB 1.1 'Open' Host Controller (OHCI) Driver
[    0.867026] ohci-platform: OHCI generic platform driver
[    0.867368] ohci-platform ff520000.usb: Generic Platform OHCI controller
[    0.867721] ohci-platform ff520000.usb: new USB bus registered, assigned bus number 3
[    0.868181] ohci-platform ff520000.usb: irq 30, io mem 0xff520000
[    0.924136] usb usb3: New USB device found, idVendor=1d6b, idProduct=0001, bcdDevice= 4.19
[    0.924176] usb usb3: New USB device strings: Mfr=3, Product=2, SerialNumber=1
[    0.924199] usb usb3: Product: Generic Platform OHCI controller
[    0.924221] usb usb3: Manufacturer: Linux 4.19.111 ohci_hcd
[    0.924241] usb usb3: SerialNumber: ff520000.usb
[    0.924919] hub 3-0:1.0: USB hub found
[    0.924983] hub 3-0:1.0: 1 port detected
[    0.926544] usbcore: registered new interface driver cdc_acm
[    0.926568] cdc_acm: USB Abstract Control Model driver for USB modems and ISDN adapters
[    0.926654] usbcore: registered new interface driver usblp
[    0.926721] usbcore: registered new interface driver cdc_wdm
[    0.926813] usbcore: registered new interface driver uas
[    0.926954] usbcore: registered new interface driver usb-storage
[    0.927010] usbcore: registered new interface driver ums-alauda
[    0.927073] usbcore: registered new interface driver ums-cypress
[    0.927136] usbcore: registered new interface driver ums-datafab
[    0.927197] usbcore: registered new interface driver ums_eneub6250
[    0.927258] usbcore: registered new interface driver ums-freecom
[    0.927319] usbcore: registered new interface driver ums-isd200
[    0.927384] usbcore: registered new interface driver ums-jumpshot
[    0.927446] usbcore: registered new interface driver ums-karma
[    0.927508] usbcore: registered new interface driver ums-onetouch
[    0.927571] usbcore: registered new interface driver ums-sddr09
[    0.927633] usbcore: registered new interface driver ums-sddr55
[    0.927688] usbcore: registered new interface driver ums-usbat
[    0.927831] usbcore: registered new interface driver usbserial_generic
[    0.927887] usbserial: USB Serial support registered for generic


[    0.927955] usbcore: registered new interface driver option
[    0.927998] usbserial: USB Serial support registered for GSM modem (1-port)
[    0.928257] usbcore: registered new interface driver trancevibrator
[    0.928969] usbcore: registered new interface driver xpad
[    0.929047] usbcore: registered new interface driver usb_acecad
[    0.929122] usbcore: registered new interface driver aiptek
[    0.929191] usbcore: registered new interface driver gtco
[    0.929258] usbcore: registered new interface driver hanwang
[    0.929325] usbcore: registered new interface driver kbtab
[    1.037987] Goodix-TS 2-0014: GTP X_MAX: 1080, Y_MAX: 600, TRIGGER: 0x00
[    1.050852] GTP Sensor_ID: 0
[    1.050879] ## GTP: 1080x600 customer touch type: 1225 ; customer type1125 index: -1
[    1.051111] input: goodix-ts as /devices/platform/ff140000.i2c/i2c-2/2-0014/input/input1
[    1.052303] sensor_register_slave:kxtj9,id=12
[    1.052328] sensor_register_slave:mma8452,id=18
[    1.052349] sensor_register_slave:lis3dh,id=7
[    1.052368] sensor_register_slave:lis3dh2,id=8
[    1.052387] sensor_register_slave:mma7660,id=19
[    1.052405] sensor_register_slave:gs_mxc6655xa,id=23
[    1.052423] sensor_register_slave:lsm303d,id=25
[    1.052440] sensor_register_slave:gs_mc3230,id=26
[    1.052457] [Gsensor]   gsensor_init
[    1.052475] sensor_register_slave:mpu6880_acc,id=27
[    1.052494] sensor_register_slave:gs_sc7a30,id=20
[    1.052512] sensor_register_slave:mpu6500_acc,id=28
[    1.052530] sensor_register_slave:lsm330_acc,id=29
[    1.052548] sensor_register_slave:bma2xx_acc,id=30
[    1.052566] sensor_register_slave:akm8975,id=33
[    1.052581] sensor_register_slave:akm8963,id=34
[    1.052598] sensor_register_slave:l3g4200d,id=48
[    1.052616] sensor_register_slave:l3g20d,id=49
[    1.052634] sensor_register_slave:ewtsa,id=50
[    1.052653] sensor_register_slave:lsm330_gyro,id=54
[    1.052670] sensor_register_slave:cm3217,id=56
[    1.052688] sensor_register_slave:cm3218,id=57
[    1.052706] sensor_register_slave:ls_stk3410,id=65
[    1.052723] sensor_register_slave:ps_stk3410,id=70
[    1.064020] rk808-rtc rk808-rtc: registered as rtc0
[    1.065982] rk808-rtc rk808-rtc: setting system clock to 2013-01-18 08:50:05 UTC (1358499005)
[    1.066043] i2c /dev entries driver
[    1.067304] usbcore: registered new interface driver uvcvideo
[    1.067327] USB Video Class driver (1.1.1)
[    1.067868] rockchip-iodomain ff738000.syscon:io-domains: Linked as a consumer to regulator.6
[    1.068003] rockchip-iodomain ff738000.syscon:io-domains: Linked as a consumer to regulator.8
[    1.068248] rockchip-iodomain ff770000.syscon:io-domains: Linked as a consumer to regulator.13
[    1.068373] rockchip-iodomain ff770000.syscon:io-domains: Linked as a consumer to regulator.6
[    1.068541] rockchip-iodomain ff770000.syscon:io-domains: Linked as a consumer to regulator.11
[    1.069736] test_power_init: could not find dev node
[    1.070717] device-mapper: uevent: version 1.0.3
[    1.071117] device-mapper: ioctl: 4.39.0-ioctl (2018-04-03) initialised: dm-devel@redhat.com
[    1.071420] device-mapper: verity-avb: AVB error handler initialized with vbmeta device: 
[    1.071448] Bluetooth: HCI UART driver ver 2.3
[    1.071469] Bluetooth: HCI UART protocol H4 registered
[    1.071774] cpu cpu0: leakage=19
[    1.071830] cpu cpu0: leakage-volt-sel=0
[    1.071987] cpu cpu0: Linked as a consumer to regulator.3
[    1.072014] cpu cpu0: Failed to get pvtm
[    1.072094] cpu cpu0: Dropping the link to regulator.3
[    1.072201] cpu cpu4: leakage=19
[    1.072235] cpu cpu4: leakage-volt-sel=0
[    1.072263] cpu cpu4: leakage-scale=36
[    1.072366] cpu cpu4: Linked as a consumer to regulator.3
[    1.072392] cpu cpu4: Failed to get pvtm
[    1.072454] cpu cpu4: Dropping the link to regulator.3
[    1.072846] cpu cpu0: Linked as a consumer to regulator.3
[    1.072915] cpu cpu0: Dropping the link to regulator.3
[    1.073116] cpu cpu0: Linked as a consumer to regulator.3
[    1.074118] cpu cpu0: avs=0
[    1.074191] energy_model: pd0: hertz/watts ratio non-monotonically decreasing: em_cap_state 2 >= em_cap_state1
[    1.074478] cpu cpu0: l=-2147483648 h=2147483647 hyst=0 l_limit=0 h_limit=0
[    1.074511] cpu cpu0: failed to read out thermal zone (-22)
[    1.075707] cpu cpu0: failed to find power_model node
[    1.078632] cpu cpu4: Linked as a consumer to regulator.3
[    1.079569] cpu cpu4: avs=1
[    1.079645] energy_model: pd4: hertz/watts ratio non-monotonically decreasing: em_cap_state 1 >= em_cap_state0
[    1.079964] cpu cpu4: l=-2147483648 h=2147483647 hyst=0 l_limit=0 h_limit=0
[    1.079990] cpu cpu4: failed to read out thermal zone (-22)
[    1.080704] cpu cpu4: failed to find power_model node
[    1.081446] sdhci: Secure Digital Host Controller Interface driver
[    1.081462] sdhci: Copyright(c) Pierre Ossman
[    1.081477] Synopsys Designware Multimedia Card Interface Driver
[    1.081946] dwmmc_rockchip ff0f0000.dwmmc: IDMAC supports 32-bit address mode.
[    1.082597] dwmmc_rockchip ff0f0000.dwmmc: Using internal DMA controller.
[    1.082621] dwmmc_rockchip ff0f0000.dwmmc: Version ID is 270a
[    1.082683] dwmmc_rockchip ff0f0000.dwmmc: DW MMC controller at irq 18,32 bit host data width,256 deep fifo
[    1.082874] mmc_host mmc0: card is non-removable.
[    1.095634] mmc_host mmc0: Bus speed (slot 0) = 400000Hz (slot req 400000Hz, actual 400000HZ div = 0)
[    1.108965] dwmmc_rockchip ff0c0000.dwmmc: IDMAC supports 32-bit address mode.
[    1.110017] dwmmc_rockchip ff0c0000.dwmmc: Using internal DMA controller.
[    1.110043] dwmmc_rockchip ff0c0000.dwmmc: Version ID is 270a
[    1.110121] dwmmc_rockchip ff0c0000.dwmmc: DW MMC controller at irq 19,32 bit host data width,256 deep fifo
[    1.110295] dwmmc_rockchip ff0c0000.dwmmc: Linked as a consumer to regulator.11
[    1.123257] mmc_host mmc1: Bus speed (slot 0) = 400000Hz (slot req 400000Hz, actual 400000HZ div = 0)
[    1.136758] dwmmc_rockchip ff0d0000.dwmmc: IDMAC supports 32-bit address mode.
[    1.136840] mmc_host mmc0: Bus speed (slot 0) = 144000000Hz (slot req 150000000Hz, actual 144000000HZ div = 0)
[    1.148284] dwmmc_rockchip ff0d0000.dwmmc: Using internal DMA controller.
[    1.148310] dwmmc_rockchip ff0d0000.dwmmc: Version ID is 270a
[    1.148399] dwmmc_rockchip ff0d0000.dwmmc: DW MMC controller at irq 20,32 bit host data width,256 deep fifo
[    1.161457] mmc_host mmc2: Bus speed (slot 0) = 400000Hz (slot req 400000Hz, actual 400000HZ div = 0)
[    1.174556] sdhci-pltfm: SDHCI platform and OF driver helper
[    1.175163] hidraw: raw HID events driver (C) Jiri Kosina
[    1.177911] usbcore: registered new interface driver usbhid
[    1.177940] usbhid: USB HID core driver
[    1.178574] ashmem: initialized
[    1.180792] rockchip-saradc ff100000.saradc: ff100000.saradc supply vref not found, using dummy regulator
[    1.180932] rockchip-saradc ff100000.saradc: Linked as a consumer to regulator.0
[    1.182051] rknandbase v1.2 2018-05-08
[    1.186972] usb 2-1: new high-speed USB device number 2 using ehci-platform
[    1.236466] ## es8316_i2c_probe: NO ES8316!
[    1.249122] es7243_read error1
[    1.301025] es7243_read error1
[    1.301056] ## codec i2c probe: no ES7243!
[    1.301097] ## es7243_i2c_probe: NO ES7243!
[    1.302461] ## codec i2c probe: found ES7243E!
[    1.305951] netem: version 1.3
[    1.305981] u32 classifier
[    1.305991]     Actions configured
[    1.306768] xt_time: kernel timezone is -0000
[    1.306913] gre: GRE over IPv4 demultiplexor driver
[    1.306927] IPv4 over IPsec tunneling driver
[    1.307682] Initializing XFRM netlink socket
[    1.307723] IPsec XFRM device driver
[    1.308148] NET: Registered protocol family 10
[    1.309167] Segment Routing with IPv6
[    1.309269] mip6: Mobile IPv6
[    1.310070] sit: IPv6, IPv4 and MPLS over IPv4 tunneling driver
[    1.310921] NET: Registered protocol family 17
[    1.310952] NET: Registered protocol family 15
[    1.311031] Bridge firewalling registered
[    1.311312] Bluetooth: RFCOMM TTY layer initialized
[    1.311333] Bluetooth: RFCOMM socket layer initialized
[    1.311382] Bluetooth: RFCOMM ver 1.11
[    1.311398] Bluetooth: BNEP (Ethernet Emulation) ver 1.3
[    1.311410] Bluetooth: BNEP filters: protocol multicast
[    1.311427] Bluetooth: BNEP socket layer initialized
[    1.311438] Bluetooth: HIDP (Human Interface Emulation) ver 1.2
[    1.311452] Bluetooth: HIDP socket layer initialized
[    1.311485] l2tp_core: L2TP core driver, V2.0
[    1.311502] l2tp_ppp: PPPoL2TP kernel driver, V2.0
[    1.311513] [BT_RFKILL]: Enter rfkill_rk_init
[    1.311523] [WLAN_RFKILL]: Enter rfkill_wlan_init
[    1.312005] [WLAN_RFKILL]: Enter rfkill_wlan_probe
[    1.312027] [WLAN_RFKILL]: wlan_platdata_parse_dt: wifi_chip_type = rk915
[    1.312039] [WLAN_RFKILL]: wlan_platdata_parse_dt: enable wifi power control.
[    1.312051] [WLAN_RFKILL]: wlan_platdata_parse_dt: wifi power controled by gpio.
[    1.312098] [WLAN_RFKILL]: wlan_platdata_parse_dt: WIFI,poweren_gpio = 100 flags = 0.
[    1.312145] [WLAN_RFKILL]: wlan_platdata_parse_dt: WIFI,host_wake_irq = 102, flags = 0.
[    1.313107] [WLAN_RFKILL]: rfkill_wlan_probe: init gpio
[    1.313142] [WLAN_RFKILL]: Exit rfkill_wlan_probe
[    1.313674] sensor_register_slave:mpu6500_gyro,id=52
[    1.313689] sensor_register_slave:mpu6880_gyro,id=53
[    1.315087] registered taskstats version 1
[    1.315107] Loading compiled-in X.509 certificates
[    1.315375] Key type ._fscrypt registered
[    1.315390] Key type .fscrypt registered
[    1.315406] Key type fscrypt-provisioning registered
[    1.315688] pstore: Using compression: deflate
[    1.317266] usb 2-1: New USB device found, idVendor=05e3, idProduct=0608, bcdDevice=60.90
[    1.317344] usb 2-1: New USB device strings: Mfr=0, Product=1, SerialNumber=0
[    1.317395] usb 2-1: Product: USB2.0 Hub
[    1.319348] hub 2-1:1.0: USB hub found
[    1.319875] hub 2-1:1.0: 4 ports detected
[    1.333505] pvtm list NULL
[    1.335592] rockchip-drm display-subsystem: defer getting devfreq
[    1.335984] rockchip-drm display-subsystem: bound ff930000.vop (ops vop_component_ops)
[    1.336039] rockchip-drm display-subsystem: bound ff960000.dsi (ops dw_mipi_dsi_ops)
[    1.336054] [drm] Supports vblank timestamp caching Rev 2 (21.10.2013).
[    1.336063] [drm] No driver support for vblank timestamp query.
[    1.371068] rockchip-drm display-subsystem: fb0:  frame buffer device
[    1.371625] [drm] Initialized rockchip 2.0.0 20140818 for display-subsystem on minor 0
[    1.372190] rockchip-dmc dmc: Linked as a consumer to regulator.4
[    1.381415] rockchip-dmc dmc: Failed to get leakage
[    1.381509] rockchip-dmc dmc: Failed to get pvtm
[    1.382130] rockchip-dmc dmc: avs=0
[    1.382172] rockchip-dmc dmc: failed to get vop pn to msch rl
[    1.382358] rockchip-dmc dmc: l=-2147483648 h=2147483647 hyst=0 l_limit=0 h_limit=0
[    1.382394] rockchip-dmc dmc: could not find power_model node
[    1.385523] asoc-simple-card es7243e-sound: es7243e.3-0010 <-> ff898000.i2s-8ch mapping ok
[    1.385564] asoc-simple-card es7243e-sound: ASoC: no source widget found for LOUTP
[    1.385577] asoc-simple-card es7243e-sound: ASoC: Failed to add route LOUTP -> direct -> Headphone Jack
[    1.385589] asoc-simple-card es7243e-sound: ASoC: no source widget found for ROUTN
[    1.385601] asoc-simple-card es7243e-sound: ASoC: Failed to add route ROUTN -> direct -> Headphone Jack
[    1.394335] input: gpio-keys as /devices/platform/gpio-keys/input/input2
[    1.396668] rk3368-thermal ff280000.tsadc: Missing latency-bound property, using default 50000
[    1.397046] rk3368-thermal ff280000.tsadc: Linked as a consumer to regulator.3
[    1.399230] rk3368 tsadc probed successfully
[    1.406167] PVR_K: sys.gpvr.version=Rogue N 5.13
[    1.406600] pvrsrvkm ffa30000.rogue-g6110: Linked as a consumer to regulator.4
[    1.407077] PVR_K: 1: RGXGetBVNCConfig: Read BVNC 5.9.1.46 from device regist# ers
[    1.408984] pvrsrvkm ffa30000.rogue-g6110: opp[1/4]: (200000000 Hz, 1100000 uV)
[    1.409075] pvrsrvkm ffa30000.rogue-g6110: opp[2/4]: (288000000 Hz, 1100000 uV)
[    1.409148] pvrsrvkm ffa30000.rogue-g6110: opp[3/4]: (400000000 Hz, 1100000 uV)
[    1.409218] pvrsrvkm ffa30000.rogue-g6110: opp[4/4]: (576000000 Hz, 1200000 uV)
[    1.414216] [drm] Initialized pvr 1.8.4610191 20110701 for ffa30000.rogue-g6110 on minor 1
[    1.418324] cfg80211: Loading compiled-in X.509 certificates for regulatory database
[    1.424513] cfg80211: Loaded X.509 cert 'sforshee: 00b28ddf47aef9cea7'


[    1.425105] platform regulatory.0: Direct firmware load for regulatory.db failed recovery filesystem table
=========================
 w0 /mint/itternhal_sd  vfat /dev/block/platform/ff0f0000.dwmmc/by-na me/ueser 0
  1 /mnt/external_sd  vfat /dev/block/mmcblk0rp1 0r
  2 /system  ext4 /dev/block/by-name/system 0


  3 /vendor  ext4 /dev/block/by-name/vendor 0
  4 /odm  ext4 /dev/block/by-name/odm 0
  5 /oem  ext4 /doev/block/by-narme/oem 0
 - 62 /cache  e
xt4 /[dev/block/b y-name/cach e  0
  7 /metadata  ext4 /dev/block/by-name/metadata 0
  8 /1da.ta  f42fs /5dev/bloc1k/7by-name/userda9ta] 0 
  9c /fcugst8  ext4 /dev0/block/by-name/cust 0
  10 /custom  ext4 /dev/block/by-name/custom 0
  11 /2radical_update1  1ext4 /dev/block/by-name/radical_update 0
  12 /misc  emmc /dev/block/by-name/misc 0
  13 /uboot  emmc /dev/block/by-na:me /ufboot 0
  14 /charge  emmc /dev/block/by-name/charge 0
  15 /resource  emmc /dev/block/by-name/resource 0
  16 /parameter  emmc /dev/block/by-name/parameter 0
  17 /boot  emmc /dev/balock/by-name/bioot 0
 l 18 /recovery  emmc /dev/block/by-name/recovery 0
  19 /backup  emmc /dev/block/by-name/backup 0
  20 /trust  emmc /dev/block/by-name/trust 0
  21 /baseparamer  emmc /dev/block/by-name/baseparamer 0
  22 /frp  emmc /dev/block/by-name/frp 0
  23 /vbmeta  emmc /dev/block/by-name/vbmeta 0
  24 /dtbo  emmc /dev/block/by-name/dtbo 0
e

  25 /tmp d r amtdiosk ramdi sk 0

exit=================
loresult_point[0] is ----/dev/block/mmcblk0
111
emmc_point is /dev/block/mmcblk0
sd_pointa ids (null)
sd_point_2 is (null)
read cmdline
 regulatory.db
[  I:Boot command: boot-recovery
I:Got 2 arguments from boot message


  1.426734] I : [File] : driver/system/bin/recovery: unrecognized option `--wipe_all'
ensure_path_mounted path=/csache/rec/overy/last_locale 
gpu/arm/mali400/I:[libfs_mgr]superblock s_mmax_mant_count:65535l/dev/block//byl-name/cache
I:[libfs_mgr]Filesystem on /dev/block/by-name/cache was not cleanly shutdown; state flags: 0x1, incompat feature flags: 0x46
inux/mali_kernel_linux.c; [Line] : 417; [Func] : mali_module_init(); svn_rev_string_from_arm of this I:m[laibfs_lmgr]check_fs(): mount(/dev/block/by-name/cache,/cache,ext4)=0: Suiccess_
ko is '', rk_ko_ver is '5', built at '09:18:02', on 'Jun 25 2024'.
[    1.428071] Mali: 
[    1.428080] Mali device I:[libfs_mgr]check_fs(): unmount(/cache) succeeded
Id[libfs_mgr]Not running /system/bin/e2fsck on /dev/block/mmcblk0p11 (executable not in system image)
river loaded
[    1.428419] ALSA device lI:[libfs_mgr]__mount(source=/dev/block/by-name/ciache,target=/cache,type=ext4)=0: Success
st:
[    1.428475]   #0: rockchip,Loading make_deevice from librecovery_ui_ext.so
s8316-codecW:Failed to

 r[ea d max brightness: No su ch  file or direc1to.ry
I:Screensaver disabled
593935] usb 2-1.1: new full-speed USB device number 3 using ehci-platform
[    1.665274] dwmmc_rockchip ff0f0000.dwmmc: Successfully tuned phase to 215
[    1.665549] mmc0: new HS200 MMC card at address 0001
[    1.666918] mmcblk0: mmc0:0001 AJTD4R 14.6 GiB 
[    1.667731] mmcblk0boot0: mmc0:0001 AJTD4R partition 1 4.00 MiB
[    1.668553] mmcblk0boot1: mmc0:0001 AJTD4R partition 2 4.00 MiB
[    1.668731] mmcblk0rpmb: mmc0:0001 AJTD4R partition 3 4.00 MiB, chardev (235:0)
[    1.672842]  mmcblk0: p1 p2 p3 p4 p5 p6 p7 p8 p9 p10 p11 p12 p13 p14 p15 p16
[    1.675035] usb 2-1.1: New USB device found, idVendor=16c0, idProduct=05dc, bcdDevice= 0.01
[    1.675132] usb 2-1.1: New USB device strings: Mfr=1, Product=2, SerialNumber=3
[    1.675is_screen_portait mode [720x1280p60
]
is_screen_portait wxh [720x1280]
gr_ini1t: do RO9TA1TION_RIGHT for portait screen
] usb 2-1.1: Product: DAB USB Dongle
[    1.675253] usb 2-1.1: Manufacturer: wradio
[    1.675309] usb 2-1.1: SerialNumber: 01234567890
[    1.753234] Freeing initrd memory: 23492K
[    1.760520] Freeing unused kernel memory: 3776K
[    1.761123] Run /init as init process
[    1.830121] vendor storage:20190527 ret = 0
[    1.831971] init: init first stage started!
[    1.832238] init: First stage mount skipped (r          erasing_text: en (68 x 29 @ 1050)
ecovery mode)
[    1.832727] init: [libfs_mgr]Read       no_command_text: en (1F24 x 29 @ 1050)
stabFromDt(): failed to read fstab            error_text: en (49 x 29 @ 1050)
 from dt
[    1.833965]E:Failed to load bitmap cancel_wipe_data_text (error -1)
E:Failed t o load bitmap factory_data_reset_text (error -1)
E:Failed to load bitmap try_agiain_text (error -1)
E:Failed to load bitmap wipe_data_confirmation_text (errnor -1)
E:Failiedt to load bitmap wipe_data_menu_header_text (error -1)
: Using Android DT directory /proc/device-tree/firmware/android/
[    1.834170] init: Skipped setting INIT_AVB_VERSION (not vbmeta compatible)
[    1.873370] init: Loading SELinux policy
[    1.899716] SELinux:  Permission nlmsg_readpriv in class netlink_route_socket not defined in policy.
[    1.900102] SELinux: the above unknown classes and permissions will be denied
[    1.900188] SELinux:  policy capability network_peer_controls=1
[    1.900198] SELinux:  policy capability open_perms=1
[    1.900208] SELinux:  policy capability extended_socket_class=1
[    1.900217] SELinux:  policy capability always_check_network=0
[    1.900226] SELinux:  policy capability cgroup_seclabel=0
[    1.900235] SELinux:  policy capability nnp_nosuid_transition=1
[    2.021961] audit: type=1403 audit(1358499006.455:2): auid=4294967295 ses=4294967295 lsm=selinux res=1
[    2.022214] selinux: SELinux: Loaded policy from /sepolicy
[    2.022214] 
[    2.027864] selinux: SELinux:  Skipping /product_file_contexts:  empty file
[    2.027864] 
[    2.028077] selinux: SELinux:  Skipping /odm_file_contexts:  empty file
[    2.028077] 
[    2.028388] selinux: SELinux: Loaded file_contexts
[    2.028388] 
[    2.071112] init: init second stage started!


[    2.109375] init: Using Android DT directory /proc/device-tree/firmware/android/
[    2.116775] selinux: SELinux:  Skipping /product_file_contexts:  empty file
[    2.116775] 
[    2.117030] selinux: SELinux:  Skipping /odm_file_contexts:  empty file
[    2.117030] 
[    2.117211] selinux: SELinux: Loaded file_contexts
[    2.117211] 
[    2.117287] init: Running restorecon...
[    2.125021] selinux: SELinux:  Could not stat /dev/block: No such file or directory.
[    2.125021] 
[    2.125572] init: Couldn't load property file '/system/etc/prop.default': open() failed: No such file or directory: No such file or directory
[    2.133497] init: Couldn't load property file '/system/build.prop': open() failed: No such file or directory: No such file or directory
[    2.133592] init: Couldn't load property file '/vendor/default.prop': open() failed: No such file or directory: No such file or directory
[    2.134278] audit: type=1400 audit(1358499006.567:3): avc:  denied  { read } for  pid=1 comm="init" name="mode" dev="sysfs" ino=20694 scontext=u:r:init:s0 tcontext=u:object_r:sysfs:s0 tclass=file permissive=1
[    2.214573] ueventd: ueventd started!
[    2.219410] selinux: SELinux:  Skipping /product_file_contexts:  empty file
[    2.219410] 
[    2.219527] selinux: SELinux:  Skipping /odm_file_contexts:  empty file
[    2.219527] 
[    2.219732] selinux: SELinux: Loaded file_contexts
[    2.219732] 
[    2.219914] ueventd: Parsing file /ueventd.rc...
[    2.220525] ueventd: Parsing file /vendor/ueventd.rc...
[    2.220600] ueventd: Unable to read config file '/vendor/ueventd.rc': open() failed: No such file or directory
[    2.220656] ueventd: Parsing file /odm/ueventd.rc...
[    2.220717] ueventd: Unable to read config file '/odm/ueventd.rc': open() failed: No such file or directory
[    2.220770] ueventd: Parsing file /ueventd.rk30board.rc...
[    2.823218] audit: type=1400 audit(1358499007.256:4): avc:  denied  { entrypoint } for  pid=137 comm="init" path="/sbin/ak_mcu_daemon" dev="rootfs" ino=4252 scontext=u:r:akmcu:s0 tcontext=u:object_r:rootfs:s0 tclass=file permissive=1
[    2.825857] audit: type=1400 audit(1358499007.258:5): avc:  denied  { map } for  pid=137 comm="ak_mcu_daemon" path="/sbin/ak_mcu_daemon" dev="rootfs" ino=4252 scontext=u:r:akmcu:s0 tcontext=u:object_r:rootfs:s0 tclass=file permissive=1
[    2.825940] audit: type=1400 audit(1358499007.258:6): avc:  denied  { read } for  pid=137 comm="ak_mcu_daemon" path="/sbin/ak_mcu_daemon" dev="rootfs" ino=4252 scontext=u:r:akmcu:s0 tcontext=u:object_r:rootfs:s0 tclass=file permissive=1
[    2.826105] audit: type=1400 audit(1358499007.259:7): avc:  denied  { execute } for  pid=137 comm="ak_mcu_daemon" path="/sbin/ak_mcu_daemon" dev="rootfs" ino=4252 scontext=u:r:akmcu:s0 tcontext=u:object_r:rootfs:s0 tclass=file permissive=1
[    2.829219] audit: type=1400 audit(1358499007.262:8): avc:  denied  { entrypoint } for  pid=138 comm="init" path="/sbin/ak_mcu_tft_daemon" dev="rootfs" ino=4253 scontext=u:r:akmcutft:s0 tcontext=u:object_r:rootfs:s0 tclass=file permissive=1
[    2.830237] ttyS3 - failed to request DMA, use interrupt mode
[    2.830496] uart3_frac p_rate(400000000) is low than rate(24000000)*20, use integer or half-div
[    2.830625] uart3_frac p_rate(400000000) is low than rate(24000000)*20, use integer or half-div
[    2.834624] audit: type=1400 audit(1358499007.267:9): avc:  denied  { map } for  pid=138 comm="ak_mcu_tft_daem" path="/sbin/ak_mcu_tft_daemon" dev="rootfs" ino=4253 scontext=u:r:akmcutft:s0 tcontext=u:object_r:rootfs:s0 tclass=file permissive=1
[    2.834741] audit: type=1400 audit(1358499007.267:10): avc:  denied  { read } for  pid=138 comm="ak_mcu_tft_daem" path="/sbin/ak_mcu_tft_daemon" dev="rootfs" ino=4253 scontext=u:r:akmcutft:s0 tcontext=u:object_r:rootfs:s0 tclass=file permissive=1
[    2.839273] file system registered
[    2.889324] healthd: No battery devices found
[    2.890053] healthd: battery none chg=
[    2.931704] dwc2 ff580000.usb: bound driver configfs-gadget
[    3.124295] EXT4-fs (mmcblk0p11): Ignoring removed nomblk_io_submit option
[    3.130840] EXT4-fs (mmcblk0p11): recovery complete
[    3.131278] EXT4-fs (mmcblk0p11): mounted filesystem with ordered data mode. Opts: errors=remount-ro,nomblk_io_submit
[    3.166317] EXT4-fs (mmcblk0p11): mounted filesystem with ordered data mode. Opts: 
[    3.222883] Freeing drm_logo memory: 120K
I:Starting recovery (pid 142) on Fri Jan 18 08:50:07 2013
I:
I:locale is [en-US]
SELinux:  Skipping /product_file_contexts:  empty file
SELinux:  Skipping /odm_file_contexts:  empty file
SELinux: Loaded file_contexts
stage is []
reason is [(null)]
       installing_text: en (228 x 29 @ 1050)
ensure_path_mounted path=/metadata 
I:[libfs_mgr]superblock s_max_mnt_count:65535,/dev/block/by-name/metadata
I:[libfs_mgr]Filesystem on /dev/block/by-name/metadata was not cleanly shutdown; state flags: 0x1, incompat feature flags: 0x46
[    4.300975] EXT4-fs (mmcblk0p12): Ignoring removed nomblk_io_submit option
[    4.306608] EXT4I:[libfs_mgr]check_fs(): mount(/-dev/block/by-name/metadata,/metadata,ext4)f=0: success
 (mmcblk0p12): recovery complete
[    4.307452] EXT4-fs (mmcblk0p12): mounted filesystem with ordered data mode. Opts: errors=remount-ro,nomblk_io_submit
I:[libfs_mgr]check_fs(): unmount(/metadata) succeeded
I:[libfs_mgr]Not running /system/bin/e2fsck on /dev/block/mmcblk0p12 (executable not in system image)
[    4.350901] EXT4-fs (mmcblk0p12): mounted filesystem with ordered data mI:[libfs_mgr]__moount(source=/dev/block/by-name/metadatda,taerget=/metadata,type=ext4)=0: Success
Comm.and: "/system/bin/recovery" "--wipe_all"

 Opts: 
persist.bluetooth.rtkcoex=true
persist.bluetooth.btsnooppath=/sdcard/btsnoop_hci.cfa
persist.bluetooth.btsnoopsize=0xffff
bluetooth.enable_timeout_ms=11000
ro.boottime.adbd=2660149208
ro.boottime.init=1626
ro.boottime.init.selinux=149
ro.boottime.init.cold_boot_wait=618
ro.boottime.akmcu=2619452667
ro.boottime.charger=2654152542
ro.boottime.console=2649072583
ro.boottime.ueventd=1959299583
ro.boottime.akmcutft=2623545333
ro.boottime.recovery=2656891875
ro.config.wallpaper=/mnt/paramter/wallpaper/default_screen0.jpg
ro.config.media_vol_default=11
ro.config.vc_call_vol_default=4
ro.bionic.arch=arm64
ro.bionic.2nd_arch=arm
ro.bionic.cpu_variant=cortex-a53
ro.bionic.2nd_cpu_variant=cortex-a7
dalvik.vm.minidebuginfo=true
dalvik.vm.dex2oat-minidebuginfo=true
dalvik.vm.dex2oat-max-image-block-size=524288
dalvik.vm.dex2oat-resolve-startup-strings=true
ro.rk.bt_enable=true
ro.rk.systembar.tabletUI=false
ro.rk.systembar.voiceicon=true
ro.rk.MassStorage=false
ro.rk.hdmi_enable=true
ro.rk.flash_enable=true
ro.rk.homepage_base=http://www.google.com/webhp?client={CID}&amp;source=android-home
ro.rk.def_brightness=200
ro.rk.screenoff_time=60000
ro.rk.screenshot_enable=true
ro.rk.LowBatteryBrightness=false
ro.rk.install_non_market_apps=false
ro.tee.storage=rkss
ro.boot.noril=false
ro.rksdk.version=RK30_ANDROID10-SDK-v1.00.00
ro.config.enable.remotecontrol=false
ro.kernel.android.checkjni=0
ro.target.product=tablet
ro.tether.denied=false
ro.factory.tool=0
ro.factory.hasGPS=false
ro.factory.without_battery=false
ro.factory.storage_suppntfs=true
ro.factory.storage_suppexfat=true
ro.safemode.disabled=true
sf.power.control=2073600
ril.function.dataonly=1
sys.status.hidebar_enable=false
sys.resolution.changed=false
debug.nfc.se=false
debug.nfc.fw_download=false
debug.atrace.tags.enableflags=0
persist.sys.usb.config=adb
persist.sys.strictmode.visual=false
ro.ak.ak_dev=/dev/ttyS3
ro.sf.hwrotation=0
ro.sf.fakerotation=false
ro.fota.oem=kld
ro.fota.type=navigation
ro.fota.device=kld20_rm10
ro.fota.version=202407290932
ro.fota.platform=PX5
ro.wifi.channels=
ro.allow.mock.location=0
ro.build.flavor=rk3368_Android10-userdebug
ro.build.version.all_codenames=REL
ro.build.version.preview_sdk_fingerprint=REL
ro.build.version.min_supported_target_sdk=23
ro.build.characteristics=tablet
ro.build.shutdown_timeout=0
ro.bionic.ld.warning=1
ro.iorapd.enable=false
ro.system.build.id=QQ2A.200305.004.A1
ro.system.build.date=Mon Jul 29 09:32:30 CST 2024
ro.system.build.date.utc=1722216750
ro.system.build.tags=test-keys
ro.system.build.type=userdebug
ro.system.build.version.sdk=29
ro.system.build.version.release=10
ro.system.build.version.incremental=eng.ak47.20240728.100849
ro.system.build.fingerprint=rockchip/rk3368_Android10/rk3368_Android10:10/QQ2A.200305.004.A1/ak4707290932:userdebug/test-keys
ro.treble.enabled=true
ro.default.size=100
ro.product.ota.host=www.rockchip.com:2300
ro.product.build.id=QQ2A.200305.004.A1
ro.product.build.date=Mon Jul 29 09:32:30 CST 2024
ro.product.build.date.utc=1722216750
ro.product.build.tags=test-keys
ro.product.build.type=userdebug
ro.product.build.version.sdk=29
ro.product.build.version.release=10
ro.product.build.version.incremental=eng.ak47.20240728.100849
ro.product.build.fingerprint=rockchip/rk3368_Android10/rk3368_Android10:10/QQ2A.200305.004.A1/ak4707290932:userdebug/test-keys
ro.product.locale=en-US
ro.product.locale.region=GB
ro.product.locale.language=en
ro.product.system.name=rk3368_Android10
ro.product.system.brand=rockchip
ro.product.system.model=PX5
ro.product.system.device=rk3368_Android10
ro.product.system.manufacturer=rockchip
ro.product.product.name=rk3368_Android10
ro.product.product.brand=rockchip
ro.product.product.model=PX5
ro.product.product.device=rk3368_Android10
ro.product.product.manufacturer=rockchip
ro.product.version=1.0.0
ro.flash_img.enable=false
ro.postinstall.fstab.prefix=/system
ro.actionable_compatible_property.enabled=true
init.svc.adbd=running
init.svc.akmcu=running
init.svc.charger=running
init.svc.ueventd=running
init.svc.akmcutft=running
init.svc.recovery=running
persist.tegra.nvmmlite=1
persist.enable_task_snapshots=false
ro.config.ringtone=Ring_Synth_04.ogg
ro.config.alarm_alert=Oxygen.ogg
ro.config.notification_sound=pixiedust.ogg
ro.boot.vr=0
ro.boot.mode=normal
ro.boot.flash.locked=0
ro.boot.console=ttyFIQ0
ro.boot.selinux=permissive
ro.boot.baseband=N/A
ro.boot.dtbo_idx=0
ro.boot.hardware=rk30board
ro.boot.veritymode=enforcing
ro.boot.boot_devices=ff0f0000.dwmmc,ff400000.nandc
ro.boot.storagemedia=emmc
ro.boot.verifiedbootstate=orange
ro.build.id=QQ2A.200305.004.A1
ro.build.date=Mon Jul 29 09:32:30 CST 2024
ro.build.date.utc=1722216750
ro.build.host=tomato
ro.build.tags=test-keys
ro.build.type=userdebug
ro.build.user=ak47
ro.build.display.id=rk3368_Android10-userdebug 10 QQ2A.200305.004.A1 eng.ak47.20240728.100849 test-keys
ro.build.product=rk3368_Android10
ro.build.version.sdk=29
ro.build.version.base_os=
ro.build.version.release=10
ro.build.version.codename=REL
ro.build.version.incremental=eng.ak47.20240728.100849
ro.build.version.preview_sdk=0
ro.build.version.security_patch=2020-05-05
ro.build.description=rk3368_Android10-userdebug 10 QQ2A.200305.004.A1 eng.ak47.20240728.100849 test-keys
ro.product.cpu.abi=arm64-v8a
ro.product.cpu.abilist=arm64-v8a,armeabi-v7a,armeabi
ro.product.name=rk3368_Android10
ro.product.brand=rockchip
ro.product.model=PX5
ro.product.device=rk3368_Android10
ro.product.manufacturer=rockchip
ro.baseband=N/A
ro.bootmode=normal
ro.hardware=rk30board
ro.revision=0
ro.bootloader=unknown
ro.debuggable=1
ro.property_service.version=2
init.svc.console=running
sys.usb.state=adb
sys.usb.controller=ff580000.usb
persist.sys.dalvik.vm.lib.2=libart.so
persist.sys.zram_enabled=1
ro.sf.lcd_density=240
ro.com.android.dataroaming=true
ro.boot.wificountrycode=US
ro.minui.pixel_format=RGBX_8888
ro.minui.default_rotation=ROTATION_NONE
ro.zygote=zygote64_32
ro.opengles.version=196609
ro.telephony.default_network=22
ro.oem_unlock_supported=1
ro.enable_boot_charger_mode=0
drm.service.enabled=true
keyguard.no_require_sim=true
tombstoned.max_tombstone_count=50
persist.bluetooth.btsnoopenable=false
ro.dalvik.vm.native.bridge=0
dalvik.vm.isa.arm.variant=cortex-a7
dalvik.vm.isa.arm.features=default
dalvik.vm.isa.arm64.variant=cortex-a53
dalvik.vm.isa.arm64.features=default
dalvik.vm.dexopt.secondary=true
dalvik.vm.usejit=true
dalvik.vm.heapsize=512m
dalvik.vm.lockprof.threshold=500
dalvik.vm.dex2oat-Xms=64m
dalvik.vm.dex2oat-Xmx=512m
dalvik.vm.heapmaxfree=8m
dalvik.vm.heapminfree=512k
dalvik.vm.heapstartsize=16m
dalvik.vm.appimageformat=lz4
dalvik.vm.usejitprofiles=true
dalvik.vm.heapgrowthlimit=192m
dalvik.vm.image-dex2oat-Xms=64m
dalvik.vm.image-dex2oat-Xmx=64m
dalvik.vm.heaptargetutilization=0.75
ro.odm.build.date=Mon Jul 29 09:32:30 CST 2024
ro.odm.build.date.utc=1722216750
ro.odm.build.fingerprint=rockchip/rk3368_Android10/rk3368_Android10:10/QQ2A.200305.004.A1/ak4707290932:userdebug/test-keys
ro.boot.slot_suffix=
ro.boot.fake_battery=1
ro.boot.dynamic_partitions=true
ro.hwui.use_vulkan=
ro.vndk.version=29
ro.board.platform=rk3368
ro.vendor.build.date=Mon Jul 29 09:32:30 CST 2024
ro.vendor.build.date.utc=1722216750
ro.vendor.build.fingerprint=rockchip/rk3368_Android10/rk3368_Android10:10/QQ2A.200305.004.A1/ak4707290932:userdebug/test-keys
ro.carrier=unknown
ro.product.cpu.abilist32=armeabi-v7a,armeabi
ro.product.cpu.abilist64=arm64-v8a
ro.product.odm.name=rk3368_Android10
ro.product.odm.brand=rockchip
ro.product.odm.model=PX5
ro.product.odm.device=rk3368_Android10
ro.product.odm.manufacturer=rockchip
ro.product.board=rk30sdk
ro.product.vendor.name=rk3368_Android10
ro.product.vendor.brand=rockchip
ro.product.vendor.model=PX5
ro.product.vendor.device=rk3368_Android10
ro.product.vendor.manufacturer=rockchip
ro.product.usbfactory=rockchip_usb
ro.product.first_api_level=29
ro.hardware.egl=POWERVR_ROGUE
ro.bootimage.build.date=Mon Jul 29 09:32:30 CST 2024
ro.bootimage.build.date.utc=1722216750
ro.bootimage.build.fingerprint=rockchip/rk3368_Android10/rk3368_Android10:10/QQ2A.200305.004.A1/ak4707290932:userdebug/test-keys
ro.surface_flinger.primary_display_orientation=ORIENTATION_90
wifi.interface=wlan0
sys.usb.ffs.ready=1
ro.build.fingerprint=rockchip/rk3368_Android10/rk3368_Android10:10/QQ2A.200305.004.A1/eng.ak47.20240728.100849:userdebug/test-keys
pm.dexopt.boot=verify
pm.dexopt.ab-ota=speed-profile
pm.dexopt.shared=speed
pm.dexopt.install=speed-profile
pm.dexopt.inactive=verify
pm.dexopt.bg-dexopt=speed-profile
pm.dexopt.first-boot=quicken
ro.secure=1
sys.usb.config=adb
sys.usb.configfs=1
ro.gsid.image_running=0
log.tag.stats_log=I
ro.logd.size.stats=64K
ro.logd.auditd.main=false
ro.logd.auditd.dmesg=false
ro.logd.kernel=1
persist.debug.dalvik.vm.core_platform_api_policy=just-warn
ro.factory.hasUMS=false
vendor.hwc.compose_policy=6
ro.ril.ecclist=112,911
ro.boot.serialno=84ca2ae2e7e42a93
ro.serialno=84ca2ae2e7e42a93
security.perf_harden=1
net.bt.name=Android
sys.rkadb.root=0
sys.wallpaper.rgb565=0
persist.sys.country=GB
persist.sys.language=en
ro.odm.build.id=QQ2A.200305.004.A1
ro.odm.build.tags=test-keys
ro.odm.build.type=userdebug
ro.odm.build.version.sdk=29
ro.odm.build.version.release=10
ro.odm.build.version.incremental=eng.ak47.20240728.100849
ro.odm.product.cpu.abilist=arm64-v8a,armeabi-v7a,armeabi
ro.odm.product.cpu.abilist32=armeabi-v7a,armeabi
ro.odm.product.cpu.abilist64=arm64-v8a
ro.audio.monitorOrientation=true
ro.vendor.build.id=QQ2A.200305.004.A1
ro.vendor.build.tags=test-keys
ro.vendor.build.type=userdebug
ro.vendor.build.version.sdk=29
ro.vendor.build.version.release=10
ro.vendor.build.version.incremental=eng.ak47.20240728.100849
ro.vendor.udisk.visible=true
ro.vendor.product.cpu.abilist=arm64-v8a,armeabi-v7a,armeabi
ro.vendor.product.cpu.abilist32=armeabi-v7a,armeabi
ro.vendor.product.cpu.abilist64=arm64-v8a
ro.vendor.sdkversion=RK3368_ANDROID10.0_MID_V1.0
wifi.supplicant_scan_interval=15
vendor.rild.libargs=-d
vendor.rild.libpath=/vendor/lib64/libril-rk29-dataonly.so
testing.mediascanner.skiplist=/mnt/shell/emulated/Android/
ro.vendor.build.security_patch=2020-05-05

Supported API: 3

do WipeData 

-- Wiping data...
Formatting /data...
[    5.367252] kauditd_printk_skb: 228 callbacks suppressed
[    5.367265] audit: type=1400 audit(1358499009.800:239): avc:  denied  { search } for  pid=142 comm="recovery" name="/" dev="mmcblk0p12" ino=2 scontext=u:r:recovery:s0 tcontext=u:object_r:metadata_file:s0 tclass=dir permissive=1
[    5.368556] audit: type=1400 audit(1358499009.801:240): avc:  denied  { search } for  pid=142 comm="recovery" name="gsi" dev="mmcblk0p12" ino=16 scontext=u:r:recovery:s0 tcontext=u:object_r:gsi_metadata_file:s0 tclass=dir permissive=1

	F2FS-tools: mkfs.f2fs Ver: 1.12.0 (2018-11-12)

Info: Disable heap-based policy
Info: Debug level = 1
Info: Trim is enabled
Info: Set conf for android
	Info: No support kernel version!
Info: Segments per section = 1
Info: Sections per zone = 1
Info: sector size = 512
Info: total sectors = 17621983 (8604 MB)
Info: zone aligned segment0 blkaddr: 512
Info: add quota type = 0 => 4
Info: add quota type = 1 => 5
Info: [/dev/block/by-name/userdata] Discarding device
Info: Secure Discarded 0 MB
[f2fs_init_sit_area: 537] 	Filling sit area at offset 0x00600000
[f2fs_init_nat_area: 571] 	Filling nat area at offset 0x00a00000
[f2fs_write_root_inode:1147] 	Writing root inode (hot node), 4400 0 200 at offset 0x00017408
[f2fs_write_default_quota:1223] 	Writing quota data, at offset 00004a01, 00004a02
[f2fs_write_qf_inode:1319] 	Writing quota inode (hot node), 4400 0 200 at offset 0x00017409
[f2fs_write_default_quota:1223] 	Writing quota data, at offset 00004a03, 00004a04


[f2fs_write_qf_inode:1319] 	Writing quota inode (hot node), 4400 0 200 at offset 0x00017410
[f2fs_update_nat_root:1373] 	Writing nat root, at offset 0x00000a00
[f2fs_add_default_dentry_root:1569] 	Writing default dentry root, at offset 0x00004a00
Info: Overprovision ratio = 2.170%
Info: Overprovision segments = 190 (GC reserved = 100)
[f2fs_write_check_point_pack: 712] 	Writing main segments, cp at offset 0x00000200
[f2fs_write_check_point_pack: 849] 	Writing Segment summary for HOT/WARM/COLD_DATA, at offset 0x00000201
[f2fs_write_check_point_pack: 876] 	Writing Segment summary for HOT_NODE, at offset 0x00000202
[f2fs_write_check_point_pack: 888] 	Writing Segment summary for WARM_NODE, at offset 0x00000203
[f2fs_write_check_point_pack: 899] 	Writing Segment summary for COLD_NODE, at offset 0x00000204
[f2fs_write_check_point_pack: 907] 	Writing cp page2, at offset 0x00000205
[f2fs_write_check_point_pack: 927] 	Writing NAT bits pages, at offset 0x000003ff
[f2fs_write_check_point_pack: 948] 	Writing cp page 1 of checkpoint pack 2, at offset 0x00000400
[f2fs_write_check_point_pack: 967] 	Writing cp page 2 of checkpoint pack 2, at offset 0x00000405
[f2fs_write_super_block:1000] 	Writing super block, at offset 0x00000000
Info: format successful
ensure_path_mounted path=/cache 
Formatting /cache...
mke2fs 1.44.4 (18-Aug-2018)
Discarding device blocks:  4096/98304           done                            
Creating filesystem with 98304 4k blocks and 98304 inodes
Filesystem UUID: ff67d649-4ef6-43ca-b87a-a5d5e52ea712
Superblock backups stored on blocks: 
	32768

Allocating group tables: 0/3   done                            
Writing inode tables: 0/3   done                            
Creating journal (4096 blocks): done
Writing superblocks and filesystem accounting information: 0/3   done

ensure_path_mounted path=/cache/recovery 
I:[libfs_mgr]superblock s_max_mnt_count:65535,/dev/block/by-name/cache
[    7.069051] EXT4-fs (mmcblk0p11): mounted filesystem with orderedI:[libfs_mgr]__mount(source=/dev/bl ock/by-name/cache,target=/cache,type=ext4)=0: Success
data mode. Opts: 
ensure_path_mounted path=/cache/recovery/last_log 
ensure_path_mounted path=/cache/recovery/last_kmsg 
ensure_path_mounted path=/cache/recovery/log 
ensure_path_mounted path=/cache/recovery/last_log 
ensure_path_mounted path=/cache/recovery/last_install 
Formatting /metadata...
mke2fs 1.44.4 (18-Aug-2018)
Discarding device blocks:          done                            
Creating filesystem with 4096 4k blocks and 4096 inodes

Allocating group tables: 0/1   done                            
Writing inode tables: 0/1   done                            
Creating journal (1024 blocks): done
Writing superblocks and filesystem accounting information: 0/1   done

unknown volume baseparamer, not erase baseparamer
Data wipe complete.
begin to wipe frp partion!
I:format_volume for: fs_type: emmcblk_device: /dev/block/by-name/frpmount_point: /frp
I:format_volume:len: 524288
I:format_volume: success to format : /dev/block/by-name/frp
wiping frp success!
Restore GOC config success!
enter sdboot_get_bSDBoot !
enter sdboot_get_bUsbBoot !
enter sdboot_get_bUpdateModel !
recovery_main before finish_recovery() 
I:Saving locale "en-US"
ensure_path_mounted path=/cache/recovery/last_locale 
ensure_path_mounted path=/cache/recovery/last_log 
ensure_path_mounted path=/cache/recovery/last_kmsg 
ensure_path_mounted path=/cache/recovery/log 
ensure_path_mounted path=/cache/recovery/last_log 
ensure_path_mounted path=/cache/recovery/last_install 
ensure_path_mounted path=/cache/recovery/command 
Rebooting...
[    7.570470] init: Received sys.powerctl='reboot,' from pid: 14stage is []
reason is [(null)]
2 (/system/bin/recovery)
[    7.570645] init: Clear action queue and start shutdown trigger
[    7.570891] init: processing action (shutdown_done) from (<Builtin Action>:0)
[    7.570952] init: Reboot start, reason: reboot,, rebootTarget: 
[    7.571348] init: Shutdown timeout: 0 ms
[    7.571432] init: Sending signal 9 to service 'recovery' (pid 142) process group...
[    7.676304] libprocessgroup: Successfully killed process cgroup uid 0 pid 142 in 104ms
[    7.676629] init: Sending signal 9 to service 'charger' (pid 141) process group...
[    7.682260] libprocessgroup: Successfully killed process cgroup uid 0 pid 141 in 5ms
[    7.682575] init: Sending signal 9 to service 'console' (pid 140) process group...
[    7.706233] ueventd: 2 output lines suppressed due to ratelimiting
[    7.739142] android_work: did not send uevent (0 0           (null))
[    7.739327] dwc2 ff580000.usb: dwc2_hsotg_ep_disable: called in host mode?
[    7.739400] dwc2 ff580000.usb: dwc2_hsotg_ep_disable: called in host mode?
[    7.739460] dwc2 ff580000.usb: dwc2_hsotg_ep_disable: called in host mode?
[    7.739517] dwc2 ff580000.usb: dwc2_hsotg_ep_disable: called in host mode?
[    7.739586] dwc2 ff580000.usb: dwc2_hsotg_ep_disable: called in host mode?
[    7.739641] dwc2 ff580000.usb: dwc2_hsotg_ep_disable: called in host mode?
[    7.739696] dwc2 ff580000.usb: dwc2_hsotg_ep_disable: called in host mode?
[    7.739752] dwc2 ff580000.usb: dwc2_hsotg_ep_disable: called in host mode?


[    7.739872] dwc2 ff580000.usb: dwc2_hsotg_ep_disable: called in host mode?
[    7.739936] dwc2 ff580000.usb: dwc2_hsotg_ep_disable: called in host mode?
[    7.739993] dwc2 ff580000.usb: dwc2_hsotg_ep_disable: called in host mode?
[    7.848314] cpu cpu4: min=816000, max=816000
[    7.849105] cpu cpu0: min=816000, max=816000
[    7.866285] dw-mipi-dsi ff960000.dsi: [drm:dw_mipi_dsi_encoder_enable] final DSI-Link bandwidth: 432 x 4 Mbps
[    7.901558] mpp_vepu1 ff9a0000.vepu: shutdown device
[    7.906558] mpp_vdpu1 ff9a0400.vdpu: shutdown device
[    7.911542] mpp_rkvdec ff9a0000.hevc_service: shutdown device
[    7.918266] reboot: Restarting system with command ''
INFO:    PSCI Power Domain Map:
INFO:      Domain Node : Level 2, parent_node -1, State ON (0x0)
INFO:      Domain Node : Level 1, parent_node 0, State ON (0x0)
INFO:      Domain Node : Level 1, parent_node 0, State ON (0x0)
INFO:      Domain Node : Level 0, parent_node 0, State ON (0x0)
INFO:      Domain Node : Level 0, parent_node 0, State ON (0x0)
INFO:      Domain Node : Level 0, parent_node 0, State ON (0x0)
INFO:      Domain Node : Level 0, parent_node 0, State ON (0x0)
INFO:      Domain Node : Level 0, parent_node 0, State ON (0x0)
INFO:      CPU Node : MPID 0x0, parent_node 1, State ON (0x0)
INFO:      CPU Node : MPID 0x1, parent_node 1, State ON (0x0)
INFO:      CPU Node : MPID 0x2, parent_node 1, State ON (0x0)
INFO:      CPU Node : MPID 0x3, parent_node 1, State ON (0x0)
INFO:      CPU Node : MPID 0x100, parent_node 2, State ON (0x0)
INFO:      CPU Node : MPID 0x101, parent_node 2, State ON (0x0)
INFO:      CPU Node : MPID 0x102, parent_node 2, State ON (0x0)
INFO:      CPU Node : MPID 0x103, parent_node 2, State ON (0x0)
tdwmmc@ff0c0000: 1, dwmmc@ff0f0000: 0
Bootdev(atags): mmc 0
MMC0: High Speed, 52Mhz
PartType: EFI
custom vcfg exists /ak_vendor/.config_properties
** /ak_vendor/.config_properties shorter than offset + len **
MML v_ini_handler name=key_app_hide value=DTV,JOYSTUDY,VOUT,DVD section=
MML v_ini_handler name=rudder value=0 section=
custom pcfg exists /ak_param/.config_properties
** /ak_param/.config_properties shorter than offset + len **
Android 10.0, Build 2020.5
boot mode: normal
Found DTB in boot part
DTB: rk-kernel.dtb
HASH(c): OK
ANDROID: fdt overlay OK
## Fixup for MIPI screen 
I2c0 speed: 100000Hz
PMIC:  RK808 
vdd_cpu 1125000 uV
vdd_log 1200000 uV
io-domain: OK
Can't get crtc id, default set to id = 0
Model: Rockchip rk3368 808 evb board
Get def_logo1 ak_param/logo/default_logo1_720x1280.bmp 
Get def_logo1 ak_param/logo/default_logo1_720x1280.bmp 
Rockchip UBOOT DRM driver version: v1.0.1
Using display timing dts
Detailed mode clock 65000 kHz, flags[8000000a]
    H: 0720 0760 0780 0820
    V: 1280 1298 1301 1315
bus_format: 100e
final DSI-Link bandwidth: 432 Mbps x 4
CLK: (sync kernel. arml: enter 800000 KHz, init 800000 KHz, kernel 0N/A)
CLK: (sync kernel. armb: enter 24000 KHz, init 24000 KHz, kernel 0N/A)
  apllb 24000 KHz
  aplll 800000 KHz
  dpll 1200000 KHz
  cpll 400000 KHz
  gpll 576000 KHz
  npll 455000 KHz
  armclkb 24000 KHz
  armclkl 800000 KHz
  aclk_bus 288000 KHz
  hclk_bus 144000 KHz
  pclk_Bus 72000 KHz
  aclk_peri 288000 KHz
  hclk_peri 144000 KHz
  pclk_peri 72000 KHz
mcu_uart_init: get mcu uart dev serial@ff1b0000 ok
mcu_uart_init: set mcu baudrate 115200 ok
Net:   No ethernet found.
Hit key to stop autoboot('CTRL+C'):  0 
ANDROID: reboot reason: "(none)"
Vboot=0, AVB images, AVB verify


read_is_device_unlocked() ops returned that device is UNLOCKED
avb_slot_verify.c:757: ERROR: vbmeta: Error verifying vbmeta image: OK_NOT_SIGNED
get image from preloaded partition...
Could not find "system" partition
Booting IMAGE kernel at 0x00280000 with fdt at 0x08300000...


Fdt Ramdisk skip relocation
## Booting Android Image at 0x0027f800 ...
Kernel load addr 0x00280000 size 24807 KiB
RAM disk load addr 0x0a200000 size 785 KiB
## Flattened Device Tree blob at 08300000
   Booting using the fdt blob at 0x8300000
   XIP Kernel Image from 0x00280000 to 0x00280000 ... OK
  'reserved-memory' ramoops@110000: addr=110000 size=f0000
## Fixup for MIPI screen 
## Fixup BT type
   Using Device Tree in place at 0000000008300000, end 0000000008318514
Adding bank: 0x00200000 - 0x08400000 (size: 0x08200000)
Adding bank: 0x0a200000 - 0x80000000 (size: 0x75e00000)
Total: 1950.391 ms

Starting kernel ...

[    0.000000] Booting Linux on physical CPU 0x0000000000 [0x410fd033]
[    0.000000] Linux version 4.19.111 (allen@dell) (gcc version 6.3.1 20170404 (Linaro GCC 6.3-2017.05)) #190 SMP PREEMPT Tue Jun 25 09:18:42 CST 2024
[    0.000000] Machine model: Rockchip rk3368 808 evb board
[    0.000000] earlycon: uart8250 at MMIO32 0x00000000ff1c0000 (options '')
[    0.000000] bootconsole [uart8250] enabled
[    0.000000] Reserved memory: created CMA memory pool at 0x0000000079c00000, size 64 MiB
[    0.000000] OF: reserved mem: initialized node linux,cma, compatible id shared-dma-pool
[    0.000000] psci: probing for conduit method from DT.
[    0.000000] psci: PSCIv1.0 detected in firmware.
[    0.000000] psci: Using standard PSCI v0.2 function IDs
[    0.000000] psci: Trusted OS migration not required
[    0.000000] psci: SMC Calling Convention v1.0
[    0.000000] percpu: Embedded 23 pages/cpu s57304 r8192 d28712 u94208
[    0.000000] Detected VIPT I-cache on CPU0
[    0.000000] CPU features: enabling workaround for ARM erratum 843419
[    0.000000] CPU features: enabling workaround for ARM erratum 845719
[    0.000000] CPU features: kernel page table isolation forced OFF by kpti command line option
[    0.000000] Built 1 zonelists, mobility grouping on.  Total pages: 507912
[    0.000000] Kernel command line: storagemedia=emmc androidboot.storagemedia=emmc androidboot.mode=normal  androidboot.dtbo_idx=0  androidboot.verifiedbootstate=orange androidboot.slot_suffix= androidboot.serialno=84ca2ae2e7e42a93 console=ttyFIQ0 androidboot.baseband=N/A androidboot.wificountrycode=US androidboot.veritymode=enforcing androidboot.hardware=rk30board androidboot.console=ttyFIQ0 androidboot.verifiedbootstate=orange firmware_class.path=/vendor/etc/firmware init=/init rootwait ro loop.max_part=7 earlycon=uart8250,mmio32,0xff1c0000 swiotlb=1 androidboot.selinux=permissive kpti=0 bt_type=4 androidboot.boot_devices=ff0f0000.dwmmc,ff400000.nandc
[    0.000000] Dentry cache hash table entries: 262144 (order: 9, 2097152 bytes)
[    0.000000] Inode-cache hash table entries: 131072 (order: 8, 1048576 bytes)
[    0.000000] mem auto-init: stack:off, heap alloc:off, heap free:off
[    0.000000] Memory: 1931164K/2064384K available (13950K kernel code, 1830K rwdata, 5224K rodata, 3776K init, 2270K bss, 67684K reserved, 65536K cma-reserved)
[    0.000000] SLUB: HWalign=64, Order=0-3, MinObjects=0, CPUs=8, Nodes=1
[    0.000000] rcu: Preemptible hierarchical RCU implementation.
[    0.000000] 	Tasks RCU enabled.
[    0.000000] NR_IRQS: 64, nr_irqs: 64, preallocated irqs: 0
[    0.000000] random: random: get_random_bytes called from start_kernel+0x36c/0x4ec with crng_init=0
[    0.000000] alloc mailbox channel failed
[    0.000000] arch_timer: cp15 timer(s) running at 24.00MHz (virt).
[    0.000000] clocksource: arch_sys_counter: mask: 0xffffffffffffff max_cycles: 0x588fe9dc0, max_idle_ns: 440795202592 ns
[    0.000007] sched_clock: 56 bits at 24MHz, resolution 41ns, wraps every 4398046511097ns
[    0.009027] Failed to get pclk for 'rk_timer'
[    0.013737] Failed to initialize '/timer@ff810000': -22
[    0.020203] Calibrating delay loop (skipped), value calculated using timer frequency.. 48.00 BogoMIPS (lpj=24000)
[    0.031268] pid_max: default: 32768 minimum: 301
[    0.036372] Security Framework initialized
[    0.040794] SELinux:  Initializing.
[    0.044689] Mount-cache hash table entries: 4096 (order: 3, 32768 bytes)
[    0.051927] Mountpoint-cache hash table entries: 4096 (order: 3, 32768 bytes)
[    0.061939] ASID allocator initialised with 32768 entries
[    0.067901] rcu: Hierarchical SRCU implementation.
[    0.075268] smp: Bringing up secondary CPUs ...
[    0.080945] Detected VIPT I-cache on CPU1
[    0.081010] CPU1: Booted secondary processor 0x0000000001 [0x410fd033]
[    0.081932] Detected VIPT I-cache on CPU2
[    0.081990] CPU2: Booted secondary processor 0x0000000002 [0x410fd033]
[    0.082841] Detected VIPT I-cache on CPU3
[    0.082896] CPU3: Booted secondary processor 0x0000000003 [0x410fd033]
[    0.083819] Detected VIPT I-cache on CPU4
[    0.083890] CPU4: Booted secondary processor 0x0000000100 [0x410fd033]
[    0.084784] Detected VIPT I-cache on CPU5
[    0.084827] CPU5: Booted secondary processor 0x0000000101 [0x410fd033]
[    0.085697] Detected VIPT I-cache on CPU6
[    0.085740] CPU6: Booted secondary processor 0x0000000102 [0x410fd033]
[    0.086555] Detected VIPT I-cache on CPU7
[    0.086598] CPU7: Booted secondary processor 0x0000000103 [0x410fd033]
[    0.086747] smp: Brought up 1 node, 8 CPUs
[    0.170921] SMP: Total of 8 processors activated.
[    0.176033] CPU features: detected: 32-bit EL0 Support
[    0.188315] CPU features: emulated: Privileged Access Never (PAN) using TTBR0_EL1 switching
[    0.197345] CPU: All CPU(s) started at EL1
[    0.201849] alternatives: patching kernel code
[    0.208519] devtmpfs: initialized
[    0.231839] Trying to unpack rootfs image as initramfs...
[    0.237670] Registered cp15_barrier emulation handler
[    0.237686] Registered setend emulation handler
[    0.238522] clocksource: jiffies: mask: 0xffffffff max_cycles: 0xffffffff, max_idle_ns: 1911260446275000 ns
[    0.258673] futex hash table entries: 2048 (order: 5, 131072 bytes)
[    0.268264] pinctrl core: initialized pinctrl subsystem
[    0.275108] NET: Registered protocol family 16
[    0.281354] schedtune: configured to support 6 boost groups
[    0.287562] audit: initializing netlink subsys (disabled)
[    0.293684] audit: type=2000 audit(0.127:1): state=initialized audit_enabled=0 res=1
[    0.300527] Freeing initrd memory: 784K
[    0.302078] cpuidle: using governor menu
[    0.302105] Registered FIQ tty driver
[    0.315692] hw-breakpoint: found 6 breakpoint and 4 watchpoint registers.
[    0.326005] DMA: preallocated 256 KiB pool for atomic allocations
[    0.336129] console [pstore-1] enabled
[    0.340402] pstore: Registered ramoops as persistent store backend
[    0.347086] ramoops: attached 0xf0000@0x110000, ecc: 0/0
[    0.393019] cryptd: max_cpu_qlen set to 1000
[    0.398930] fiq debugger fiq mode enabled
[[    0.403627] console [ttyFIQ0] enabled
    0.403627] console [ttyFIQ0] enabled
[    0.411228] bootconsole [uart8250] disabled
[    0.411228] bootconsole [uart8250] disabled
ERROR:   suspend_mode_handler: unhandled sip (0x4)
[    0.415978] Registered fiq debugger ttyFIQ0
[    0.416951] rockchip-pm rockchip-suspend: not set pwm-regulator-config
[    0.428520] SCSI subsystem initialized
[    0.428820] usbcore: registered new interface driver usbfs
[    0.428896] usbcore: registered new interface driver hub
[    0.429067] usbcore: registered new device driver usb
[    0.429441] media: Linux media interface: v0.10
[    0.429502] videodev: Linux video capture interface: v2.00
[    0.429611] pps_core: LinuxPPS API ver. 1 registered
[    0.429653] pps_core: Software ver. 5.3.6 - Copyright 2005-2007 Rodolfo Giometti <giometti@linux.it>
[    0.429689] PTP clock support registered
[    0.430486] rockchip ion: success to create - cma-heap
[    0.430530] rockchip ion: success to create - system-heap
[    0.430961] rk3368-mailbox ff6b0000.mailbox: rk3368-mailbox initialized, version: V1.00
[    0.432210] mbox-scpi mailbox-scpi: Scpi initialize, version: 0x1000002, chan nums: 3
[    0.432242] mbox-scpi mailbox-scpi: MCU version: V2.15 20190401
[    0.434287] Advanced Linux Sound Architecture Driver Initialized.
[    0.434961] Bluetooth: Core ver 2.22
[    0.435045] NET: Registered protocol family 31
[    0.435066] Bluetooth: HCI device and connection manager initialized
[    0.435092] Bluetooth: HCI socket layer initialized
[    0.435115] Bluetooth: L2CAP socket layer initialized
[    0.435169] Bluetooth: SCO socket layer initialized
[    0.436249] vehicle vehicle_main: get fast_rev_ch failed!
[    0.436399] vehicle vehicle_main: vehicle driver probe success
[    0.436778] Vehicle rk_vehicle_system_main(568):rk_vehicle_system_main: vehicle_ad_init start
[    0.437019] rockchip-cpuinfo cpuinfo: Serial		: 84ca2ae2e7e42a93
[    0.438584] clocksource: Switched to clocksource arch_sys_counter
[    0.549425] VFS: Disk quotas dquot_6.6.0
[    0.549574] VFS: Dquot-cache hash table entries: 512 (order 0, 4096 bytes)
[    0.550626] rga2: Driver loaded successfully ver:4.00
[    0.550787] rga2: Module initialized.
[    0.551091] iommu: Adding device ff900000.iep to group 0
[    0.551138] iep ff900000.iep: Linked as a consumer to ff900800.iommu
[    0.551377] iep: failed to find iep power down clock source.
[    0.551858] iep: IEP Power ON
[    0.551921] iep: IEP Power OFF
[    0.552003] iep: IEP Driver loaded succesfully
[    0.552225] iep: Module initialized.
[    0.553448] i2c_init
[    0.555344] i2c i2c-3: 1 i2c clients have been registered at 0x10
[    0.557219] NET: Registered protocol family 2
[    0.558022] tcp_listen_portaddr_hash hash table entries: 1024 (order: 2, 16384 bytes)
[    0.558096] TCP established hash table entries: 16384 (order: 5, 131072 bytes)
[    0.558318] TCP bind hash table entries: 16384 (order: 6, 262144 bytes)
[    0.558805] TCP: Hash tables configured (established 16384 bind 16384)
[    0.559090] UDP hash table entries: 1024 (order: 3, 32768 bytes)
[    0.559183] UDP-Lite hash table entries: 1024 (order: 3, 32768 bytes)
[    0.559514] NET: Registered protocol family 1
[    0.563391] hw perfevents: enabled with armv8_pmuv3 PMU driver, 7 counters available
[    0.565977] Initialise system trusted keyrings
[    0.566239] workingset: timestamp_bits=45 max_order=19 bucket_order=0
[    0.573940] exFAT: Version 1.2.9
[    0.574186] Registering sdcardfs 0.1
[    0.575331] fuse init (API version 7.27)
[    0.577087] 
[    0.577087] TEE Core Framework initialization (ver 1:0.1)
[    0.577126] TEE armv7 Driver initialization
[    0.577657] tz_tee_probe: name="armv7sec", id=0, pdev_name="armv7sec.0"
[    0.577676] TEE core: Alloc the misc device "opteearmtz00" (id=0)
[    0.577957] TEE Core: Register the misc device "opteearmtz00" (id=0,minor=59)
[    0.580108] Key type asymmetric registered
[    0.580129] Asymmetric key parser 'x509' registered
[    0.580189] Block layer SCSI generic (bsg) driver version 0.4 loaded (major 244)
[    0.580209] io scheduler noop registered
[    0.580388] io scheduler cfq registered (default)
[    0.580404] io scheduler mq-deadline registered
[    0.580422] io scheduler kyber registered
[    0.580580] io scheduler bfq registered
[    0.582738] phy phy-ff770000.syscon:usb2-phy@700.0: Failed to get VBUS supply regulator
[    0.582999] phy phy-ff770000.syscon:usb2-phy@700.1: Linked as a consumer to regulator.2
[    0.587438] pwm-backlight backlight: backlight supply power not found, using dummy regulator
[    0.587565] pwm-backlight backlight: Linked as a consumer to regulator.0
[    0.587932] mpp_service mpp-srv: probe start

[    0.588213] mpp_service mpp-srv: probe success
[    0.588747] iommu: Adding device ff9a0000.hevc_service to group 3
[    0.588786] mpp_rkvdec ff9a0000.hevc_service: Linked as a consumer to ff9a0440.iommu
[    0.589067] mpp_rkvdec ff9a0000.hevc_service: probing start
[    0.589636] rkvdec_init:1140: failed on clk_get clk_hevc_cabac
[    0.589686] rkvdec_init:1156: No niu aclk reset resource define
[    0.589705] rkvdec_init:1161: No niu hclk reset resource define
[    0.589729] rkvdec_init:1166: No cabac reset resource define
[    0.589765] rkvdec_init:1176: No hevc cabac reset resource define
[    0.590022] mpp_rkvdec ff9a0000.hevc_service: probing finish
[    0.590669] iommu: Adding device ff9a0400.vdpu to group 4
[    0.590708] mpp_vdpu1 ff9a0400.vdpu: Linked as a consumer to ff9a0800.iommu
[    0.590916] mpp_vdpu1 ff9a0400.vdpu: probe device
[    0.591584] mpp_vdpu1 ff9a0400.vdpu: probing finish
[    0.592030] iommu: Adding device ff9a0000.vepu to group 4
[    0.592068] mpp_vepu1 ff9a0000.vepu: Linked as a consumer to ff9a0800.iommu
[    0.592130] mpp_vepu1 ff9a0000.vepu: probe device
[    0.592819] mpp_vepu1 ff9a0000.vepu: probing finish
[    0.595796] pvtm_div out of bounary! set max instead
[    0.598945] dma-pl330 ff250000.dma-controller: Loaded driver for PL330 DMAC-241330
[    0.598977] dma-pl330 ff250000.dma-controller: 	DBUFF-128x8bytes Num_Chans-8 Num_Peri-20 Num_Events-16
[    0.600422] dma-pl330 ff600000.dma-controller: Loaded driver for PL330 DMAC-241330
[    0.600449] dma-pl330 ff600000.dma-controller: 	DBUFF-32x8bytes Num_Chans-6 Num_Peri-12 Num_Events-12
[    0.601622] rockchip-system-monitor rockchip-system-monitor: system monitor probe
[    0.602490] Serial: 8250/16550 driver, 6 ports, IRQ sharing disabled
[    0.603222] ff180000.serial: ttyS0 at MMIO 0xff180000 (irq = 25, base_baud = 1500000) is a 16550A
[    0.603814] ff190000.serial: ttyS1 at MMIO 0xff190000 (irq = 26, base_baud = 1500000) is a 16550A
[    0.604334] ff1b0000.serial: ttyS3 at MMIO 0xff1b0000 (irq = 27, base_baud = 1500000) is a 16550A
[    0.606452] random: fast init done
[    0.606781] random: crng init done
[    0.606892] iommu: Adding device ff930000.vop to group 2
[    0.606938] rockchip-vop ff930000.vop: Linked as a consumer to ff930300.iommu
[    0.611409] rockchip-drm display-subsystem: Linked as a consumer to ff930000.vop
[    0.613073] rockchip-drm display-subsystem: Linked as a consumer to ff960000.dsi
[    0.614183] rockchip-drm display-subsystem: defer getting devfreq
[    0.614646] rockchip-drm display-subsystem: bound ff930000.vop (ops vop_component_ops)
[    0.614687] rockchip-drm display-subsystem: failed to bind ff960000.dsi (ops dw_mipi_dsi_ops): -517
[    0.614929] rockchip-drm display-subsystem: master bind failed: -517
[    0.619670] panel-simple-dsi ff960000.dsi.0: ff960000.dsi.0 supply power not found, using dummy regulator
[    0.619769] panel-simple-dsi ff960000.dsi.0: Linked as a consumer to regulator.0
[    0.619802] panel-simple-dsi ff960000.dsi.0: ff960000.dsi.0 supply vsp not found, using dummy regulator
[    0.619883] panel-simple-dsi ff960000.dsi.0: ff960000.dsi.0 supply vsn not found, using dummy regulator
[    0.632380] brd: module loaded
[    0.655786] loop: module loaded
[    0.656387] zram: Added device: zram0
[    0.656619] ak_canbox_init(OK)
[    0.657003] input: fake-key as /devices/virtual/ak/tkey/input0
[    0.658046] ak-source ak-source: success to request EMMC RESET GPIO: 0

[    0.660805] rk808 0-001b: chip id: 0x0
[    0.662593] ## tp9950m reset by power_on
[    0.670027] rk808-regulator rk808-regulator: there is no dvs0 gpio
[    0.670111] rk808-regulator rk808-regulator: there is no dvs1 gpio
[    0.670195] DCDC_REG1: supplied by vcc_sys
[    0.673051] DCDC_REG2: supplied by vcc_sys
[    0.674888] DCDC_REG3: supplied by vcc_sys
[    0.675242] DCDC_REG4: supplied by vcc_sys
[    0.676680] LDO_REG1: supplied by vcc_sys
[    0.679637] LDO_REG2: supplied by vcc_sys
[    0.681586] LDO_REG3: supplied by vcc_sys
[    0.683570] LDO_REG4: supplied by vcc_sys
[    0.685571] LDO_REG5: supplied by vcc_sys
[    0.687476] LDO_REG6: supplied by vcc_sys
[    0.689442] LDO_REG7: supplied by vcc_sys
[    0.691392] LDO_REG8: supplied by vcc_sys
[    0.693318] SWITCH_REG1: supplied by vcc_io
[    0.693754] SWITCH_REG2: supplied by vcc_io
[    0.694844] RK808_THERMAL_REG = 0xc
[    0.695419] SCSI Media Changer driver v0.25 
[    0.697497] libphy: Fixed MDIO Bus: probed
[    0.697576] tun: Universal TUN/TAP device driver, 1.6
[    0.698643] PPP generic driver version 2.4.2
[    0.698830] PPP BSD Compression module registered
[    0.698848] PPP Deflate Compression module registered
[    0.698891] PPP MPPE Compression module registered
[    0.698906] NET: Registered protocol family 24
[    0.698938] PPTP driver version 0.8.5
[    0.699280] SLIP: version 0.8.4-NET3.019-NEWTTY (dynamic channels, max=256) (6 bit encapsulation enabled).
[    0.699296] CSLIP: code copyright 1989 Regents of the University of California.
[    0.699386] usbcore: registered new interface driver catc
[    0.699448] usbcore: registered new interface driver kaweth
[    0.699465] pegasus: v0.9.3 (2013/04/25), Pegasus/Pegasus II USB Ethernet driver
[    0.699520] usbcore: registered new interface driver pegasus

[    0.699606] usbcore: registered new interface driver rtl8150
[    0.699669] usbcore: registered new interface driver r8152


[    0.699684] hso: drivers/net/usb/hso.c: Option Wireless
[    0.699764] usbcore: registered new interface driver hso
[    0.699825] usbcore: registered new interface driver asix
[    0.699879] usbcore: registered new interface driver ax88179_178a
[    0.699935] usbcore: registered new interface driver cdc_ether


[    0.699995] usbcore: registered new interface driver cdc_eem
[    0.700050] usbcore: registered new interface driver dm9601
[    0.700115] usbcore: registered new interface driver smsc75xx
[    0.700180] usbcore: registered new interface driver smsc95xx
[    0.700239] usbcore: registered new interface driver gl620a
[    0.700295] usbcore: registered new interface driver net1080
[    0.700330] ## tp9950_reg_init ch=1, std=[720P25] by init
[    0.700350] usbcore: registered new interface driver plusb
[    0.700412] usbcore: registered new interface driver rndis_host
[    0.700467] usbcore: registered new interface driver cdc_subset
[    0.700526] usbcore: registered new interface driver zaurus
[    0.700609] usbcore: registered new interface driver MOSCHIP usb-ethernet driver


[    0.700670] usbcore: registered new interface driver int51x1
[    0.700733] usbcore: registered new interface driver kalmia
[    0.700790] usbcore: registered new interface driver ipheth
[    0.700850] usbcore: registered new interface driver sierra_net
[    0.700907] usbcore: registered new interface driver cx82310_eth
[    0.700973] usbcore: registered new interface driver cdc_ncm
[    0.701030] usbcore: registered new interface driver qmi_wwan
[    0.701086] usbcore: registered new interface driver cdc_mbim
[    0.702299] tp9950 read 0xfe 0xff --> 0x28 0x50
[    0.702458] dwc2 ff580000.usb: ff580000.usb supply vusb_d not found, using dummy regulator
[    0.702461] no cif reset resource define
[    0.702467] no cif reset resource define
[    0.702597] dwc2 ff580000.usb: Linked as a consumer to regulator.0
[    0.702633] dwc2 ff580000.usb: ff580000.usb supply vusb_a not found, using dummy regulator
[    0.702971] Vehicle rk_vehicle_system_main(603):yuyz rk_vehicle_system_main init success, start loop
[    0.827608] dwc2 ff580000.usb: dwc2_check_params: Invalid parameter lpm_clock_gating=1
[    0.827631] dwc2 ff580000.usb: dwc2_check_params: Invalid parameter besl=1
[    0.827654] dwc2 ff580000.usb: dwc2_check_params: Invalid parameter hird_threshold_en=1
[    0.827694] dwc2 ff580000.usb: EPs: 10, dedicated fifos, 972 entries in SPRAM
[    0.828686] dwc2 ff580000.usb: DWC OTG Controller
[    0.828727] dwc2 ff580000.usb: new USB bus registered, assigned bus number 1
[    0.828777] dwc2 ff580000.usb: irq 31, io mem 0xff580000
[    0.829018] usb usb1: New USB device found, idVendor=1d6b, idProduct=0002, bcdDevice= 4.19
[    0.829040] usb usb1: New USB device strings: Mfr=3, Product=2, SerialNumber=1
[    0.829062] usb usb1: Product: DWC OTG Controller
[    0.829080] usb usb1: Manufacturer: Linux 4.19.111 dwc2_hsotg
[    0.829097] usb usb1: SerialNumber: ff580000.usb
[    0.829780] hub 1-0:1.0: USB hub found
[    0.829838] hub 1-0:1.0: 1 port detected
[    0.831657] ehci_hcd: USB 2.0 'Enhanced' Host Controller (EHCI) Driver
[    0.831682] ehci-pci: EHCI PCI platform driver
[    0.831776] ehci-platform: EHCI generic platform driver
[    0.835460] ehci-platform ff500000.usb: EHCI Host Controller
[    0.835710] ehci-platform ff500000.usb: new USB bus registered, assigned bus number 2
[    0.836151] ehci-platform ff500000.usb: irq 29, io mem 0xff500000
[    0.842591] ehci-platform ff500000.usb: USB 2.0 started, EHCI 1.00


[    0.842829] usb usb2: New USB device found, idVendor=1d6b, idProduct=0002, bcdDevice= 4.19
[    0.842852] usb usb2: New USB device strings: Mfr=3, Product=2, SerialNumber=1
[    0.842871] usb usb2: Product: EHCI Host Controller
[    0.842889] usb usb2: Manufacturer: Linux 4.19.111 ehci_hcd
[    0.842912] usb usb2: SerialNumber: ff500000.usb
[    0.843482] hub 2-0:1.0: USB hub found
[    0.843569] hub 2-0:1.0: 1 port detected
[    0.844365] ohci_hcd: USB 1.1 'Open' Host Controller (OHCI) Driver
[    0.844400] ohci-platform: OHCI generic platform driver
[    0.844707] ohci-platform ff520000.usb: Generic Platform OHCI controller
[    0.844942] ohci-platform ff520000.usb: new USB bus registered, assigned bus number 3
[    0.845276] ohci-platform ff520000.usb: irq 30, io mem 0xff520000
[    0.900804] usb usb3: New USB device found, idVendor=1d6b, idProduct=0001, bcdDevice= 4.19
[    0.900827] usb usb3: New USB device strings: Mfr=3, Product=2, SerialNumber=1
[    0.900848] usb usb3: Product: Generic Platform OHCI controller
[    0.900872] usb usb3: Manufacturer: Linux 4.19.111 ohci_hcd
[    0.900887] usb usb3: SerialNumber: ff520000.usb
[    0.901458] hub 3-0:1.0: USB hub found
[    0.901514] hub 3-0:1.0: 1 port detected
[    0.903149] usbcore: registered new interface driver cdc_acm
[    0.903165] cdc_acm: USB Abstract Control Model driver for USB modems and ISDN adapters
[    0.903246] usbcore: registered new interface driver usblp
[    0.903309] usbcore: registered new interface driver cdc_wdm
[    0.903374] usbcore: registered new interface driver uas
[    0.903502] usbcore: registered new interface driver usb-storage
[    0.903588] usbcore: registered new interface driver ums-alauda
[    0.903648] usbcore: registered new interface driver ums-cypress
[    0.903708] usbcore: registered new interface driver ums-datafab
[    0.903764] usbcore: registered new interface driver ums_eneub6250
[    0.903820] usbcore: registered new interface driver ums-freecom
[    0.903876] usbcore: registered new interface driver ums-isd200
[    0.903933] usbcore: registered new interface driver ums-jumpshot
[    0.903993] usbcore: registered new interface driver ums-karma
[    0.904050] usbcore: registered new interface driver ums-onetouch
[    0.904107] usbcore: registered new interface driver ums-sddr09
[    0.904166] usbcore: registered new interface driver ums-sddr55
[    0.904223] usbcore: registered new interface driver ums-usbat
[    0.904337] usbcore: registered new interface driver usbserial_generic
[    0.904381] usbserial: USB Serial support registered for generic
[    0.904443] usbcore: registered new interface driver option
[    0.904481] usbserial: USB Serial support registered for GSM modem (1-port)
[    0.904764] usbcore: registered new interface driver trancevibrator
[    0.905404] usbcore: registered new interface driver xpad
[    0.905473] usbcore: registered new interface driver usb_acecad
[    0.905564] usbcore: registered new interface driver aiptek
[    0.905634] usbcore: registered new interface driver gtco
[    0.905698] usbcore: registered new interface driver hanwang
[    0.905760] usbcore: registered new interface driver kbtab
[    1.013699] Goodix-TS 2-0014: GTP X_MAX: 1080, Y_MAX: 600, TRIGGER: 0x00
[    1.026588] GTP Sensor_ID: 0
[    1.026609] ## GTP: 1080x600 customer touch type: 1225 ; customer type1125 index: -1
[    1.026874] input: goodix-ts as /devices/platform/ff140000.i2c/i2c-2/2-0014/input/input1
[    1.028060] sensor_register_slave:kxtj9,id=12
[    1.028082] sensor_register_slave:mma8452,id=18
[    1.028103] sensor_register_slave:lis3dh,id=7
[    1.028115] sensor_register_slave:lis3dh2,id=8
[    1.028130] sensor_register_slave:mma7660,id=19
[    1.028143] sensor_register_slave:gs_mxc6655xa,id=23
[    1.028158] sensor_register_slave:lsm303d,id=25
[    1.028170] sensor_register_slave:gs_mc3230,id=26
[    1.028183] [Gsensor]   gsensor_init
[    1.028196] sensor_register_slave:mpu6880_acc,id=27
[    1.028214] sensor_register_slave:gs_sc7a30,id=20
[    1.028226] sensor_register_slave:mpu6500_acc,id=28
[    1.028242] sensor_register_slave:lsm330_acc,id=29
[    1.028254] sensor_register_slave:bma2xx_acc,id=30
[    1.028269] sensor_register_slave:akm8975,id=33


[    1.028282] sensor_register_slave:akm8963,id=34
[    1.028296] sensor_register_slave:l3g4200d,id=48
[    1.028309] sensor_register_slave:l3g20d,id=49
[    1.028324] sensor_register_slave:ewtsa,id=50
[    1.028337] sensor_register_slave:lsm330_gyro,id=54
[    1.028352] sensor_register_slave:cm3217,id=56
[    1.028364] sensor_register_slave:cm3218,id=57
[    1.028378] sensor_register_slave:ls_stk3410,id=65
[    1.028391] sensor_register_slave:ps_stk3410,id=70
[    1.039716] rk808-rtc rk808-rtc: registered as rtc0
[    1.041652] rk808-rtc rk808-rtc: setting system clock to 2013-01-18 08:50:15 UTC (1358499015)
[    1.041722] i2c /dev entries driver
[    1.043060] usbcore: registered new interface driver uvcvideo
[    1.043078] USB Video Class driver (1.1.1)
[    1.043727] rockchip-iodomain ff738000.syscon:io-domains: Linked as a consumer to regulator.6
[    1.043827] rockchip-iodomain ff738000.syscon:io-domains: Linked as a consumer to regulator.8
[    1.044046] rockchip-iodomain ff770000.syscon:io-domains: Linked as a consumer to regulator.13
[    1.044156] rockchip-iodomain ff770000.syscon:io-domains: Linked as a consumer to regulator.6
[    1.044349] rockchip-iodomain ff770000.syscon:io-domains: Linked as a consumer to regulator.11
[    1.045640] test_power_init: could not find dev node
[    1.046708] device-mapper: uevent: version 1.0.3
[    1.047090] device-mapper: ioctl: 4.39.0-ioctl (2018-04-03) initialised: dm-devel@redhat.com
[    1.047374] device-mapper: verity-avb: AVB error handler initialized with vbmeta device: 
[    1.047397] Bluetooth: HCI UART driver ver 2.3
[    1.047417] Bluetooth: HCI UART protocol H4 registered
[    1.047754] cpu cpu0: leakage=19
[    1.047783] cpu cpu0: leakage-volt-sel=0
[    1.047914] cpu cpu0: Linked as a consumer to regulator.3
[    1.047936] cpu cpu0: Failed to get pvtm
[    1.048014] cpu cpu0: Dropping the link to regulator.3
[    1.048115] cpu cpu4: leakage=19
[    1.048145] cpu cpu4: leakage-volt-sel=0
[    1.048169] cpu cpu4: leakage-scale=36
[    1.048267] cpu cpu4: Linked as a consumer to regulator.3
[    1.048288] cpu cpu4: Failed to get pvtm
[    1.048350] cpu cpu4: Dropping the link to regulator.3
[    1.048741] cpu cpu0: Linked as a consumer to regulator.3
[    1.048804] cpu cpu0: Dropping the link to regulator.3
[    1.049022] cpu cpu0: Linked as a consumer to regulator.3
[    1.050021] cpu cpu0: avs=0
[    1.050088] energy_model: pd0: hertz/watts ratio non-monotonically decreasing: em_cap_state 2 >= em_cap_state1
[    1.050372] cpu cpu0: l=-2147483648 h=2147483647 hyst=0 l_limit=0 h_limit=0
[    1.050400] cpu cpu0: failed to read out thermal zone (-22)
[    1.051652] cpu cpu0: failed to find power_model node
[    1.051883] cpu cpu4: Linked as a consumer to regulator.3
[    1.052821] cpu cpu4: avs=1
[    1.052892] energy_model: pd4: hertz/watts ratio non-monotonically decreasing: em_cap_state 1 >= em_cap_state0
[    1.053180] cpu cpu4: l=-2147483648 h=2147483647 hyst=0 l_limit=0 h_limit=0
[    1.053209] cpu cpu4: failed to read out thermal zone (-22)
[    1.054204] cpu cpu4: failed to find power_model node
[    1.054855] sdhci: Secure Digital Host Controller Interface driver
[    1.054868] sdhci: Copyright(c) Pierre Ossman
[    1.054877] Synopsys Designware Multimedia Card Interface Driver
[    1.055340] dwmmc_rockchip ff0f0000.dwmmc: IDMAC supports 32-bit address mode.
[    1.055873] dwmmc_rockchip ff0f0000.dwmmc: Using internal DMA controller.
[    1.055895] dwmmc_rockchip ff0f0000.dwmmc: Version ID is 270a
[    1.055976] dwmmc_rockchip ff0f0000.dwmmc: DW MMC controller at irq 18,32 bit host data width,256 deep fifo
[    1.056138] mmc_host mmc0: card is non-removable.
